[2024-05-27T15:28:46.988-0500][gc,init] CardTable entry size: 512
[2024-05-27T15:28:46.988-0500][gc     ] Using G1
[2024-05-27T15:28:47.013-0500][gc,init] Version: 21.0.2+13-Debian-2 (release)
[2024-05-27T15:28:47.014-0500][gc,init] CPUs: 5 total, 5 available
[2024-05-27T15:28:47.014-0500][gc,init] Memory: 5094M
[2024-05-27T15:28:47.014-0500][gc,init] Large Page Support: Disabled
[2024-05-27T15:28:47.014-0500][gc,init] NUMA Support: Disabled
[2024-05-27T15:28:47.014-0500][gc,init] Compressed Oops: Enabled (32-bit)
[2024-05-27T15:28:47.014-0500][gc,init] Heap Region Size: 1M
[2024-05-27T15:28:47.014-0500][gc,init] Heap Min Capacity: 1G
[2024-05-27T15:28:47.014-0500][gc,init] Heap Initial Capacity: 1G
[2024-05-27T15:28:47.014-0500][gc,init] Heap Max Capacity: 1G
[2024-05-27T15:28:47.014-0500][gc,init] Pre-touch: Disabled
[2024-05-27T15:28:47.014-0500][gc,init] Parallel Workers: 5
[2024-05-27T15:28:47.014-0500][gc,init] Concurrent Workers: 1
[2024-05-27T15:28:47.014-0500][gc,init] Concurrent Refinement Workers: 5
[2024-05-27T15:28:47.014-0500][gc,init] Periodic GC: Disabled
[2024-05-27T15:28:47.026-0500][gc,metaspace] CDS archive(s) mapped at: [0x00007f0b1b000000-0x00007f0b1bca6000-0x00007f0b1bca6000), size 13262848, SharedBaseAddress: 0x00007f0b1b000000, ArchiveRelocationMode: 1.
[2024-05-27T15:28:47.026-0500][gc,metaspace] Compressed class space mapped at: 0x00007f0b1c000000-0x00007f0b5c000000, reserved size: 1073741824
[2024-05-27T15:28:47.026-0500][gc,metaspace] Narrow klass base: 0x00007f0b1b000000, Narrow klass shift: 0, Narrow klass range: 0x100000000
[2024-05-27T15:28:51.363-0500][gc,start    ] GC(0) Pause Young (Normal) (G1 Evacuation Pause)
[2024-05-27T15:28:51.367-0500][gc,task     ] GC(0) Using 5 workers of 5 for evacuation
[2024-05-27T15:28:51.466-0500][gc,mmu      ] GC(0) MMU target violated: 21.0ms (20.0ms/21.0ms)
[2024-05-27T15:28:51.466-0500][gc,phases   ] GC(0)   Pre Evacuate Collection Set: 0.6ms
[2024-05-27T15:28:51.466-0500][gc,phases   ] GC(0)   Merge Heap Roots: 0.9ms
[2024-05-27T15:28:51.466-0500][gc,phases   ] GC(0)   Evacuate Collection Set: 94.9ms
[2024-05-27T15:28:51.466-0500][gc,phases   ] GC(0)   Post Evacuate Collection Set: 2.5ms
[2024-05-27T15:28:51.466-0500][gc,phases   ] GC(0)   Other: 4.5ms
[2024-05-27T15:28:51.466-0500][gc,heap     ] GC(0) Eden regions: 51->0(44)
[2024-05-27T15:28:51.466-0500][gc,heap     ] GC(0) Survivor regions: 0->7(7)
[2024-05-27T15:28:51.466-0500][gc,heap     ] GC(0) Old regions: 2->4
[2024-05-27T15:28:51.466-0500][gc,heap     ] GC(0) Humongous regions: 0->0
[2024-05-27T15:28:51.466-0500][gc,metaspace] GC(0) Metaspace: 18642K(18880K)->18642K(18880K) NonClass: 16525K(16640K)->16525K(16640K) Class: 2117K(2240K)->2117K(2240K)
[2024-05-27T15:28:51.466-0500][gc          ] GC(0) Pause Young (Normal) (G1 Evacuation Pause) 52M->9M(1024M) 103.631ms
[2024-05-27T15:28:51.466-0500][gc,cpu      ] GC(0) User=0.03s Sys=0.20s Real=0.11s
[2024-05-27T15:28:52.171-0500][gc,start    ] GC(1) Pause Young (Concurrent Start) (Metadata GC Threshold)
[2024-05-27T15:28:52.172-0500][gc,task     ] GC(1) Using 5 workers of 5 for evacuation
[2024-05-27T15:28:52.241-0500][gc,mmu      ] GC(1) MMU target violated: 21.0ms (20.0ms/21.0ms)
[2024-05-27T15:28:52.242-0500][gc,phases   ] GC(1)   Pre Evacuate Collection Set: 4.5ms
[2024-05-27T15:28:52.242-0500][gc,phases   ] GC(1)   Merge Heap Roots: 0.8ms
[2024-05-27T15:28:52.242-0500][gc,phases   ] GC(1)   Evacuate Collection Set: 62.2ms
[2024-05-27T15:28:52.242-0500][gc,phases   ] GC(1)   Post Evacuate Collection Set: 1.8ms
[2024-05-27T15:28:52.242-0500][gc,phases   ] GC(1)   Other: 0.8ms
[2024-05-27T15:28:52.242-0500][gc,heap     ] GC(1) Eden regions: 11->0(50)
[2024-05-27T15:28:52.242-0500][gc,heap     ] GC(1) Survivor regions: 7->1(7)
[2024-05-27T15:28:52.242-0500][gc,heap     ] GC(1) Old regions: 4->10
[2024-05-27T15:28:52.242-0500][gc,heap     ] GC(1) Humongous regions: 0->0
[2024-05-27T15:28:52.242-0500][gc,metaspace] GC(1) Metaspace: 21301K(21504K)->21301K(21504K) NonClass: 18832K(18944K)->18832K(18944K) Class: 2469K(2560K)->2469K(2560K)
[2024-05-27T15:28:52.242-0500][gc          ] GC(1) Pause Young (Concurrent Start) (Metadata GC Threshold) 20M->9M(1024M) 70.212ms
[2024-05-27T15:28:52.242-0500][gc,cpu      ] GC(1) User=0.06s Sys=0.10s Real=0.07s
[2024-05-27T15:28:52.242-0500][gc          ] GC(2) Concurrent Mark Cycle
[2024-05-27T15:28:52.242-0500][gc,marking  ] GC(2) Concurrent Scan Root Regions
[2024-05-27T15:28:52.249-0500][gc,marking  ] GC(2) Concurrent Scan Root Regions 7.214ms
[2024-05-27T15:28:52.249-0500][gc,marking  ] GC(2) Concurrent Mark
[2024-05-27T15:28:52.249-0500][gc,marking  ] GC(2) Concurrent Mark From Roots
[2024-05-27T15:28:52.249-0500][gc,task     ] GC(2) Using 1 workers of 1 for marking
[2024-05-27T15:28:52.256-0500][gc,marking  ] GC(2) Concurrent Mark From Roots 7.102ms
[2024-05-27T15:28:52.256-0500][gc,marking  ] GC(2) Concurrent Preclean
[2024-05-27T15:28:52.256-0500][gc,marking  ] GC(2) Concurrent Preclean 0.009ms
[2024-05-27T15:28:52.257-0500][gc,start    ] GC(2) Pause Remark
[2024-05-27T15:28:52.269-0500][gc          ] GC(2) Pause Remark 10M->10M(1024M) 12.175ms
[2024-05-27T15:28:52.270-0500][gc,cpu      ] GC(2) User=0.01s Sys=0.01s Real=0.01s
[2024-05-27T15:28:52.270-0500][gc,marking  ] GC(2) Concurrent Mark 20.646ms
[2024-05-27T15:28:52.270-0500][gc,marking  ] GC(2) Concurrent Rebuild Remembered Sets and Scrub Regions
[2024-05-27T15:28:52.277-0500][gc,marking  ] GC(2) Concurrent Rebuild Remembered Sets and Scrub Regions 7.234ms
[2024-05-27T15:28:52.278-0500][gc,start    ] GC(2) Pause Cleanup
[2024-05-27T15:28:52.279-0500][gc          ] GC(2) Pause Cleanup 10M->10M(1024M) 0.964ms
[2024-05-27T15:28:52.279-0500][gc,cpu      ] GC(2) User=0.00s Sys=0.00s Real=0.00s
[2024-05-27T15:28:52.279-0500][gc,marking  ] GC(2) Concurrent Clear Claimed Marks
[2024-05-27T15:28:52.279-0500][gc,marking  ] GC(2) Concurrent Clear Claimed Marks 0.038ms
[2024-05-27T15:28:52.279-0500][gc,marking  ] GC(2) Concurrent Cleanup for Next Mark
[2024-05-27T15:28:52.636-0500][gc,marking  ] GC(2) Concurrent Cleanup for Next Mark 356.619ms
[2024-05-27T15:28:52.636-0500][gc          ] GC(2) Concurrent Mark Cycle 393.962ms
[2024-05-27T15:28:57.819-0500][gc,start    ] GC(3) Pause Young (Prepare Mixed) (G1 Evacuation Pause)
[2024-05-27T15:28:57.819-0500][gc,task     ] GC(3) Using 5 workers of 5 for evacuation
[2024-05-27T15:28:57.836-0500][gc,phases   ] GC(3)   Pre Evacuate Collection Set: 2.0ms
[2024-05-27T15:28:57.836-0500][gc,phases   ] GC(3)   Merge Heap Roots: 0.5ms
[2024-05-27T15:28:57.836-0500][gc,phases   ] GC(3)   Evacuate Collection Set: 10.2ms
[2024-05-27T15:28:57.836-0500][gc,phases   ] GC(3)   Post Evacuate Collection Set: 3.6ms
[2024-05-27T15:28:57.836-0500][gc,phases   ] GC(3)   Other: 0.2ms
[2024-05-27T15:28:57.836-0500][gc,heap     ] GC(3) Eden regions: 50->0(45)
[2024-05-27T15:28:57.836-0500][gc,heap     ] GC(3) Survivor regions: 1->6(7)
[2024-05-27T15:28:57.836-0500][gc,heap     ] GC(3) Old regions: 10->10
[2024-05-27T15:28:57.836-0500][gc,heap     ] GC(3) Humongous regions: 129->129
[2024-05-27T15:28:57.836-0500][gc,metaspace] GC(3) Metaspace: 34718K(35008K)->34718K(35008K) NonClass: 30866K(31040K)->30866K(31040K) Class: 3852K(3968K)->3852K(3968K)
[2024-05-27T15:28:57.836-0500][gc          ] GC(3) Pause Young (Prepare Mixed) (G1 Evacuation Pause) 188M->143M(1024M) 16.731ms
[2024-05-27T15:28:57.836-0500][gc,cpu      ] GC(3) User=0.04s Sys=0.00s Real=0.02s
[2024-05-27T15:28:58.560-0500][gc,start    ] GC(4) Pause Young (Mixed) (Metadata GC Threshold)
[2024-05-27T15:28:58.561-0500][gc,task     ] GC(4) Using 5 workers of 5 for evacuation
[2024-05-27T15:28:58.618-0500][gc,mmu      ] GC(4) MMU target violated: 21.0ms (20.0ms/21.0ms)
[2024-05-27T15:28:58.618-0500][gc,phases   ] GC(4)   Pre Evacuate Collection Set: 6.0ms
[2024-05-27T15:28:58.618-0500][gc,phases   ] GC(4)   Merge Heap Roots: 0.9ms
[2024-05-27T15:28:58.618-0500][gc,phases   ] GC(4)   Evacuate Collection Set: 49.2ms
[2024-05-27T15:28:58.618-0500][gc,phases   ] GC(4)   Post Evacuate Collection Set: 1.6ms
[2024-05-27T15:28:58.618-0500][gc,phases   ] GC(4)   Other: 0.2ms
[2024-05-27T15:28:58.618-0500][gc,heap     ] GC(4) Eden regions: 14->0(49)
[2024-05-27T15:28:58.618-0500][gc,heap     ] GC(4) Survivor regions: 6->2(7)
[2024-05-27T15:28:58.618-0500][gc,heap     ] GC(4) Old regions: 10->15
[2024-05-27T15:28:58.618-0500][gc,heap     ] GC(4) Humongous regions: 129->129
[2024-05-27T15:28:58.618-0500][gc,metaspace] GC(4) Metaspace: 35696K(35968K)->35696K(35968K) NonClass: 31757K(31872K)->31757K(31872K) Class: 3938K(4096K)->3938K(4096K)
[2024-05-27T15:28:58.619-0500][gc          ] GC(4) Pause Young (Mixed) (Metadata GC Threshold) 157M->144M(1024M) 58.122ms
[2024-05-27T15:28:58.619-0500][gc,cpu      ] GC(4) User=0.11s Sys=0.10s Real=0.06s
[2024-05-27T15:28:58.799-0500][gc,start    ] GC(5) Pause Young (Concurrent Start) (Metadata GC Threshold)
[2024-05-27T15:28:58.800-0500][gc,task     ] GC(5) Using 5 workers of 5 for evacuation
[2024-05-27T15:28:58.839-0500][gc,mmu      ] GC(5) MMU target violated: 21.0ms (20.0ms/21.0ms)
[2024-05-27T15:28:58.839-0500][gc,phases   ] GC(5)   Pre Evacuate Collection Set: 4.0ms
[2024-05-27T15:28:58.839-0500][gc,phases   ] GC(5)   Merge Heap Roots: 0.4ms
[2024-05-27T15:28:58.839-0500][gc,phases   ] GC(5)   Evacuate Collection Set: 7.4ms
[2024-05-27T15:28:58.839-0500][gc,phases   ] GC(5)   Post Evacuate Collection Set: 26.9ms
[2024-05-27T15:28:58.839-0500][gc,phases   ] GC(5)   Other: 0.5ms
[2024-05-27T15:28:58.839-0500][gc,heap     ] GC(5) Eden regions: 2->0(50)
[2024-05-27T15:28:58.839-0500][gc,heap     ] GC(5) Survivor regions: 2->1(7)
[2024-05-27T15:28:58.839-0500][gc,heap     ] GC(5) Old regions: 15->15
[2024-05-27T15:28:58.839-0500][gc,heap     ] GC(5) Humongous regions: 129->129
[2024-05-27T15:28:58.839-0500][gc,metaspace] GC(5) Metaspace: 36045K(36288K)->36045K(36288K) NonClass: 32065K(32192K)->32065K(32192K) Class: 3980K(4096K)->3980K(4096K)
[2024-05-27T15:28:58.839-0500][gc          ] GC(5) Pause Young (Concurrent Start) (Metadata GC Threshold) 146M->144M(1024M) 39.343ms
[2024-05-27T15:28:58.839-0500][gc,cpu      ] GC(5) User=0.02s Sys=0.02s Real=0.04s
[2024-05-27T15:28:58.839-0500][gc          ] GC(6) Concurrent Mark Cycle
[2024-05-27T15:28:58.839-0500][gc,marking  ] GC(6) Concurrent Scan Root Regions
[2024-05-27T15:28:58.842-0500][gc,marking  ] GC(6) Concurrent Scan Root Regions 2.912ms
[2024-05-27T15:28:58.842-0500][gc,marking  ] GC(6) Concurrent Mark
[2024-05-27T15:28:58.842-0500][gc,marking  ] GC(6) Concurrent Mark From Roots
[2024-05-27T15:28:58.842-0500][gc,task     ] GC(6) Using 1 workers of 1 for marking
[2024-05-27T15:28:58.873-0500][gc,marking  ] GC(6) Concurrent Mark From Roots 31.282ms
[2024-05-27T15:28:58.873-0500][gc,marking  ] GC(6) Concurrent Preclean
[2024-05-27T15:28:58.874-0500][gc,marking  ] GC(6) Concurrent Preclean 0.138ms
[2024-05-27T15:28:58.874-0500][gc,start    ] GC(6) Pause Remark
[2024-05-27T15:28:58.890-0500][gc          ] GC(6) Pause Remark 145M->145M(1024M) 16.079ms
[2024-05-27T15:28:58.890-0500][gc,cpu      ] GC(6) User=0.00s Sys=0.03s Real=0.01s
[2024-05-27T15:28:58.891-0500][gc,marking  ] GC(6) Concurrent Mark 49.064ms
[2024-05-27T15:28:58.891-0500][gc,marking  ] GC(6) Concurrent Rebuild Remembered Sets and Scrub Regions
[2024-05-27T15:28:58.908-0500][gc,marking  ] GC(6) Concurrent Rebuild Remembered Sets and Scrub Regions 16.402ms
[2024-05-27T15:28:58.912-0500][gc,start    ] GC(6) Pause Cleanup
[2024-05-27T15:28:58.922-0500][gc          ] GC(6) Pause Cleanup 145M->145M(1024M) 9.758ms
[2024-05-27T15:28:58.922-0500][gc,cpu      ] GC(6) User=0.01s Sys=0.00s Real=0.01s
[2024-05-27T15:28:58.922-0500][gc,marking  ] GC(6) Concurrent Clear Claimed Marks
[2024-05-27T15:28:58.923-0500][gc,marking  ] GC(6) Concurrent Clear Claimed Marks 0.196ms
[2024-05-27T15:28:58.923-0500][gc,marking  ] GC(6) Concurrent Cleanup for Next Mark
[2024-05-27T15:28:58.929-0500][gc,marking  ] GC(6) Concurrent Cleanup for Next Mark 6.617ms
[2024-05-27T15:28:58.929-0500][gc          ] GC(6) Concurrent Mark Cycle 90.245ms
[2024-05-27T15:34:16.994-0500][gc,start    ] GC(7) Pause Young (Normal) (G1 Evacuation Pause)
[2024-05-27T15:34:16.995-0500][gc,task     ] GC(7) Using 5 workers of 5 for evacuation
[2024-05-27T15:34:17.034-0500][gc,mmu      ] GC(7) MMU target violated: 21.0ms (20.0ms/21.0ms)
[2024-05-27T15:34:17.034-0500][gc,phases   ] GC(7)   Pre Evacuate Collection Set: 8.2ms
[2024-05-27T15:34:17.034-0500][gc,phases   ] GC(7)   Merge Heap Roots: 3.0ms
[2024-05-27T15:34:17.034-0500][gc,phases   ] GC(7)   Evacuate Collection Set: 21.3ms
[2024-05-27T15:34:17.034-0500][gc,phases   ] GC(7)   Post Evacuate Collection Set: 6.5ms
[2024-05-27T15:34:17.034-0500][gc,phases   ] GC(7)   Other: 0.2ms
[2024-05-27T15:34:17.034-0500][gc,heap     ] GC(7) Eden regions: 50->0(46)
[2024-05-27T15:34:17.034-0500][gc,heap     ] GC(7) Survivor regions: 1->5(7)
[2024-05-27T15:34:17.034-0500][gc,heap     ] GC(7) Old regions: 15->15
[2024-05-27T15:34:17.034-0500][gc,heap     ] GC(7) Humongous regions: 129->129
[2024-05-27T15:34:17.034-0500][gc,metaspace] GC(7) Metaspace: 45553K(46080K)->45553K(46080K) NonClass: 40310K(40640K)->40310K(40640K) Class: 5243K(5440K)->5243K(5440K)
[2024-05-27T15:34:17.034-0500][gc          ] GC(7) Pause Young (Normal) (G1 Evacuation Pause) 194M->148M(1024M) 39.501ms
[2024-05-27T15:34:17.034-0500][gc,cpu      ] GC(7) User=0.01s Sys=0.04s Real=0.04s
[2024-05-27T15:40:09.747-0500][gc,start    ] GC(8) Pause Young (Normal) (G1 Evacuation Pause)
[2024-05-27T15:40:09.747-0500][gc,task     ] GC(8) Using 5 workers of 5 for evacuation
[2024-05-27T15:40:09.844-0500][gc,mmu      ] GC(8) MMU target violated: 21.0ms (20.0ms/21.0ms)
[2024-05-27T15:40:09.844-0500][gc,phases   ] GC(8)   Pre Evacuate Collection Set: 3.9ms
[2024-05-27T15:40:09.844-0500][gc,phases   ] GC(8)   Merge Heap Roots: 3.3ms
[2024-05-27T15:40:09.844-0500][gc,phases   ] GC(8)   Evacuate Collection Set: 80.9ms
[2024-05-27T15:40:09.844-0500][gc,phases   ] GC(8)   Post Evacuate Collection Set: 7.8ms
[2024-05-27T15:40:09.844-0500][gc,phases   ] GC(8)   Other: 1.1ms
[2024-05-27T15:40:09.844-0500][gc,heap     ] GC(8) Eden regions: 46->0(47)
[2024-05-27T15:40:09.844-0500][gc,heap     ] GC(8) Survivor regions: 5->4(7)
[2024-05-27T15:40:09.844-0500][gc,heap     ] GC(8) Old regions: 15->19
[2024-05-27T15:40:09.844-0500][gc,heap     ] GC(8) Humongous regions: 129->129
[2024-05-27T15:40:09.844-0500][gc,metaspace] GC(8) Metaspace: 49454K(50240K)->49454K(50240K) NonClass: 43734K(44160K)->43734K(44160K) Class: 5720K(6080K)->5720K(6080K)
[2024-05-27T15:40:09.844-0500][gc          ] GC(8) Pause Young (Normal) (G1 Evacuation Pause) 194M->150M(1024M) 97.473ms
[2024-05-27T15:40:09.844-0500][gc,cpu      ] GC(8) User=0.14s Sys=0.14s Real=0.10s
[2024-05-27T16:15:02.053-0500][gc,start    ] GC(9) Pause Young (Normal) (G1 Evacuation Pause)
[2024-05-27T16:15:02.053-0500][gc,task     ] GC(9) Using 5 workers of 5 for evacuation
[2024-05-27T16:15:02.069-0500][gc,phases   ] GC(9)   Pre Evacuate Collection Set: 0.9ms
[2024-05-27T16:15:02.069-0500][gc,phases   ] GC(9)   Merge Heap Roots: 0.4ms
[2024-05-27T16:15:02.069-0500][gc,phases   ] GC(9)   Evacuate Collection Set: 12.5ms
[2024-05-27T16:15:02.070-0500][gc,phases   ] GC(9)   Post Evacuate Collection Set: 2.1ms
[2024-05-27T16:15:02.070-0500][gc,phases   ] GC(9)   Other: 0.4ms
[2024-05-27T16:15:02.070-0500][gc,heap     ] GC(9) Eden regions: 47->0(48)
[2024-05-27T16:15:02.070-0500][gc,heap     ] GC(9) Survivor regions: 4->3(7)
[2024-05-27T16:15:02.070-0500][gc,heap     ] GC(9) Old regions: 19->19
[2024-05-27T16:15:02.070-0500][gc,heap     ] GC(9) Humongous regions: 129->129
[2024-05-27T16:15:02.070-0500][gc,metaspace] GC(9) Metaspace: 49750K(50496K)->49750K(50496K) NonClass: 44025K(44416K)->44025K(44416K) Class: 5724K(6080K)->5724K(6080K)
[2024-05-27T16:15:02.070-0500][gc          ] GC(9) Pause Young (Normal) (G1 Evacuation Pause) 197M->150M(1024M) 16.601ms
[2024-05-27T16:15:02.070-0500][gc,cpu      ] GC(9) User=0.01s Sys=0.02s Real=0.01s
[2024-05-27T16:25:09.036-0500][gc,heap,exit] Heap
[2024-05-27T16:25:09.036-0500][gc,heap,exit]  garbage-first heap   total 1048576K, used 182866K [0x00000000c0000000, 0x0000000100000000)
[2024-05-27T16:25:09.036-0500][gc,heap,exit]   region size 1024K, 31 young (31744K), 3 survivors (3072K)
[2024-05-27T16:25:09.036-0500][gc,heap,exit]  Metaspace       used 50650K, committed 51328K, reserved 1114112K
[2024-05-27T16:25:09.036-0500][gc,heap,exit]   class space    used 5903K, committed 6208K, reserved 1048576K
