[2024-05-29T16:54:55.005-0500][gc,init] CardTable entry size: 512
[2024-05-29T16:54:55.006-0500][gc     ] Using G1
[2024-05-29T16:54:55.034-0500][gc,init] Version: 21.0.2+13-Debian-2 (release)
[2024-05-29T16:54:55.034-0500][gc,init] CPUs: 5 total, 5 available
[2024-05-29T16:54:55.034-0500][gc,init] Memory: 5094M
[2024-05-29T16:54:55.034-0500][gc,init] Large Page Support: Disabled
[2024-05-29T16:54:55.034-0500][gc,init] NUMA Support: Disabled
[2024-05-29T16:54:55.034-0500][gc,init] Compressed Oops: Enabled (32-bit)
[2024-05-29T16:54:55.034-0500][gc,init] Heap Region Size: 1M
[2024-05-29T16:54:55.034-0500][gc,init] Heap Min Capacity: 1G
[2024-05-29T16:54:55.034-0500][gc,init] Heap Initial Capacity: 1G
[2024-05-29T16:54:55.034-0500][gc,init] Heap Max Capacity: 1G
[2024-05-29T16:54:55.034-0500][gc,init] Pre-touch: Disabled
[2024-05-29T16:54:55.034-0500][gc,init] Parallel Workers: 5
[2024-05-29T16:54:55.034-0500][gc,init] Concurrent Workers: 1
[2024-05-29T16:54:55.034-0500][gc,init] Concurrent Refinement Workers: 5
[2024-05-29T16:54:55.034-0500][gc,init] Periodic GC: Disabled
[2024-05-29T16:54:55.046-0500][gc,metaspace] CDS archive(s) mapped at: [0x00007f8e1b000000-0x00007f8e1bca6000-0x00007f8e1bca6000), size 13262848, SharedBaseAddress: 0x00007f8e1b000000, ArchiveRelocationMode: 1.
[2024-05-29T16:54:55.046-0500][gc,metaspace] Compressed class space mapped at: 0x00007f8e1c000000-0x00007f8e5c000000, reserved size: 1073741824
[2024-05-29T16:54:55.046-0500][gc,metaspace] Narrow klass base: 0x00007f8e1b000000, Narrow klass shift: 0, Narrow klass range: 0x100000000
[2024-05-29T16:54:56.985-0500][gc,start    ] GC(0) Pause Young (Normal) (G1 Evacuation Pause)
[2024-05-29T16:54:56.988-0500][gc,task     ] GC(0) Using 5 workers of 5 for evacuation
[2024-05-29T16:54:57.021-0500][gc,mmu      ] GC(0) MMU target violated: 21.0ms (20.0ms/21.0ms)
[2024-05-29T16:54:57.021-0500][gc,phases   ] GC(0)   Pre Evacuate Collection Set: 5.8ms
[2024-05-29T16:54:57.021-0500][gc,phases   ] GC(0)   Merge Heap Roots: 0.5ms
[2024-05-29T16:54:57.021-0500][gc,phases   ] GC(0)   Evacuate Collection Set: 23.5ms
[2024-05-29T16:54:57.021-0500][gc,phases   ] GC(0)   Post Evacuate Collection Set: 3.6ms
[2024-05-29T16:54:57.021-0500][gc,phases   ] GC(0)   Other: 2.4ms
[2024-05-29T16:54:57.021-0500][gc,heap     ] GC(0) Eden regions: 51->0(44)
[2024-05-29T16:54:57.021-0500][gc,heap     ] GC(0) Survivor regions: 0->7(7)
[2024-05-29T16:54:57.021-0500][gc,heap     ] GC(0) Old regions: 2->3
[2024-05-29T16:54:57.021-0500][gc,heap     ] GC(0) Humongous regions: 0->0
[2024-05-29T16:54:57.021-0500][gc,metaspace] GC(0) Metaspace: 18261K(18432K)->18261K(18432K) NonClass: 16186K(16256K)->16186K(16256K) Class: 2075K(2176K)->2075K(2176K)
[2024-05-29T16:54:57.021-0500][gc          ] GC(0) Pause Young (Normal) (G1 Evacuation Pause) 52M->9M(1024M) 36.024ms
[2024-05-29T16:54:57.021-0500][gc,cpu      ] GC(0) User=0.03s Sys=0.04s Real=0.04s
[2024-05-29T16:54:57.303-0500][gc,start    ] GC(1) Pause Young (Concurrent Start) (Metadata GC Threshold)
[2024-05-29T16:54:57.303-0500][gc,task     ] GC(1) Using 5 workers of 5 for evacuation
[2024-05-29T16:54:57.333-0500][gc,mmu      ] GC(1) MMU target violated: 21.0ms (20.0ms/21.0ms)
[2024-05-29T16:54:57.333-0500][gc,phases   ] GC(1)   Pre Evacuate Collection Set: 1.6ms
[2024-05-29T16:54:57.333-0500][gc,phases   ] GC(1)   Merge Heap Roots: 0.3ms
[2024-05-29T16:54:57.333-0500][gc,phases   ] GC(1)   Evacuate Collection Set: 19.8ms
[2024-05-29T16:54:57.333-0500][gc,phases   ] GC(1)   Post Evacuate Collection Set: 7.5ms
[2024-05-29T16:54:57.333-0500][gc,phases   ] GC(1)   Other: 0.6ms
[2024-05-29T16:54:57.333-0500][gc,heap     ] GC(1) Eden regions: 13->0(50)
[2024-05-29T16:54:57.333-0500][gc,heap     ] GC(1) Survivor regions: 7->1(7)
[2024-05-29T16:54:57.333-0500][gc,heap     ] GC(1) Old regions: 3->11
[2024-05-29T16:54:57.333-0500][gc,heap     ] GC(1) Humongous regions: 0->0
[2024-05-29T16:54:57.333-0500][gc,metaspace] GC(1) Metaspace: 21307K(21504K)->21307K(21504K) NonClass: 18845K(18944K)->18845K(18944K) Class: 2462K(2560K)->2462K(2560K)
[2024-05-29T16:54:57.333-0500][gc          ] GC(1) Pause Young (Concurrent Start) (Metadata GC Threshold) 21M->10M(1024M) 29.959ms
[2024-05-29T16:54:57.333-0500][gc,cpu      ] GC(1) User=0.03s Sys=0.04s Real=0.03s
[2024-05-29T16:54:57.333-0500][gc          ] GC(2) Concurrent Mark Cycle
[2024-05-29T16:54:57.334-0500][gc,marking  ] GC(2) Concurrent Scan Root Regions
[2024-05-29T16:54:57.337-0500][gc,marking  ] GC(2) Concurrent Scan Root Regions 3.881ms
[2024-05-29T16:54:57.337-0500][gc,marking  ] GC(2) Concurrent Mark
[2024-05-29T16:54:57.337-0500][gc,marking  ] GC(2) Concurrent Mark From Roots
[2024-05-29T16:54:57.337-0500][gc,task     ] GC(2) Using 1 workers of 1 for marking
[2024-05-29T16:54:57.340-0500][gc,marking  ] GC(2) Concurrent Mark From Roots 2.896ms
[2024-05-29T16:54:57.340-0500][gc,marking  ] GC(2) Concurrent Preclean
[2024-05-29T16:54:57.340-0500][gc,marking  ] GC(2) Concurrent Preclean 0.012ms
[2024-05-29T16:54:57.341-0500][gc,start    ] GC(2) Pause Remark
[2024-05-29T16:54:57.349-0500][gc          ] GC(2) Pause Remark 10M->10M(1024M) 7.496ms
[2024-05-29T16:54:57.349-0500][gc,cpu      ] GC(2) User=0.00s Sys=0.01s Real=0.01s
[2024-05-29T16:54:57.350-0500][gc,marking  ] GC(2) Concurrent Mark 12.124ms
[2024-05-29T16:54:57.350-0500][gc,marking  ] GC(2) Concurrent Rebuild Remembered Sets and Scrub Regions
[2024-05-29T16:54:57.353-0500][gc,marking  ] GC(2) Concurrent Rebuild Remembered Sets and Scrub Regions 3.197ms
[2024-05-29T16:54:57.353-0500][gc,start    ] GC(2) Pause Cleanup
[2024-05-29T16:54:57.355-0500][gc          ] GC(2) Pause Cleanup 10M->10M(1024M) 1.936ms
[2024-05-29T16:54:57.355-0500][gc,cpu      ] GC(2) User=0.00s Sys=0.00s Real=0.01s
[2024-05-29T16:54:57.356-0500][gc,marking  ] GC(2) Concurrent Clear Claimed Marks
[2024-05-29T16:54:57.356-0500][gc,marking  ] GC(2) Concurrent Clear Claimed Marks 0.037ms
[2024-05-29T16:54:57.356-0500][gc,marking  ] GC(2) Concurrent Cleanup for Next Mark
[2024-05-29T16:54:57.376-0500][gc,marking  ] GC(2) Concurrent Cleanup for Next Mark 20.168ms
[2024-05-29T16:54:57.376-0500][gc          ] GC(2) Concurrent Mark Cycle 42.331ms
[2024-05-29T16:54:59.508-0500][gc,start    ] GC(3) Pause Young (Prepare Mixed) (Metadata GC Threshold)
[2024-05-29T16:54:59.508-0500][gc,task     ] GC(3) Using 5 workers of 5 for evacuation
[2024-05-29T16:54:59.521-0500][gc,phases   ] GC(3)   Pre Evacuate Collection Set: 0.8ms
[2024-05-29T16:54:59.521-0500][gc,phases   ] GC(3)   Merge Heap Roots: 0.1ms
[2024-05-29T16:54:59.521-0500][gc,phases   ] GC(3)   Evacuate Collection Set: 9.7ms
[2024-05-29T16:54:59.521-0500][gc,phases   ] GC(3)   Post Evacuate Collection Set: 1.3ms
[2024-05-29T16:54:59.521-0500][gc,phases   ] GC(3)   Other: 0.5ms
[2024-05-29T16:54:59.521-0500][gc,heap     ] GC(3) Eden regions: 48->0(45)
[2024-05-29T16:54:59.521-0500][gc,heap     ] GC(3) Survivor regions: 1->6(7)
[2024-05-29T16:54:59.521-0500][gc,heap     ] GC(3) Old regions: 11->11
[2024-05-29T16:54:59.521-0500][gc,heap     ] GC(3) Humongous regions: 129->129
[2024-05-29T16:54:59.521-0500][gc,metaspace] GC(3) Metaspace: 35759K(36096K)->35759K(36096K) NonClass: 31776K(32000K)->31776K(32000K) Class: 3983K(4096K)->3983K(4096K)
[2024-05-29T16:54:59.521-0500][gc          ] GC(3) Pause Young (Prepare Mixed) (Metadata GC Threshold) 186M->143M(1024M) 12.730ms
[2024-05-29T16:54:59.521-0500][gc,cpu      ] GC(3) User=0.04s Sys=0.00s Real=0.01s
[2024-05-29T16:55:00.095-0500][gc,start    ] GC(4) Pause Young (Mixed) (Metadata GC Threshold)
[2024-05-29T16:55:00.095-0500][gc,task     ] GC(4) Using 5 workers of 5 for evacuation
[2024-05-29T16:55:00.107-0500][gc,phases   ] GC(4)   Pre Evacuate Collection Set: 0.6ms
[2024-05-29T16:55:00.107-0500][gc,phases   ] GC(4)   Merge Heap Roots: 0.3ms
[2024-05-29T16:55:00.107-0500][gc,phases   ] GC(4)   Evacuate Collection Set: 9.0ms
[2024-05-29T16:55:00.107-0500][gc,phases   ] GC(4)   Post Evacuate Collection Set: 1.9ms
[2024-05-29T16:55:00.107-0500][gc,phases   ] GC(4)   Other: 0.1ms
[2024-05-29T16:55:00.107-0500][gc,heap     ] GC(4) Eden regions: 17->0(49)
[2024-05-29T16:55:00.107-0500][gc,heap     ] GC(4) Survivor regions: 6->2(7)
[2024-05-29T16:55:00.107-0500][gc,heap     ] GC(4) Old regions: 11->15
[2024-05-29T16:55:00.107-0500][gc,heap     ] GC(4) Humongous regions: 129->129
[2024-05-29T16:55:00.107-0500][gc,metaspace] GC(4) Metaspace: 36143K(36416K)->36143K(36416K) NonClass: 32127K(32256K)->32127K(32256K) Class: 4015K(4160K)->4015K(4160K)
[2024-05-29T16:55:00.107-0500][gc          ] GC(4) Pause Young (Mixed) (Metadata GC Threshold) 159M->144M(1024M) 12.250ms
[2024-05-29T16:55:00.107-0500][gc,cpu      ] GC(4) User=0.02s Sys=0.02s Real=0.01s
[2024-05-29T16:55:00.124-0500][gc,start    ] GC(5) Pause Young (Concurrent Start) (Metadata GC Threshold)
[2024-05-29T16:55:00.124-0500][gc,task     ] GC(5) Using 5 workers of 5 for evacuation
[2024-05-29T16:55:00.134-0500][gc,phases   ] GC(5)   Pre Evacuate Collection Set: 5.0ms
[2024-05-29T16:55:00.134-0500][gc,phases   ] GC(5)   Merge Heap Roots: 0.2ms
[2024-05-29T16:55:00.134-0500][gc,phases   ] GC(5)   Evacuate Collection Set: 1.8ms
[2024-05-29T16:55:00.134-0500][gc,phases   ] GC(5)   Post Evacuate Collection Set: 2.8ms
[2024-05-29T16:55:00.134-0500][gc,phases   ] GC(5)   Other: 0.6ms
[2024-05-29T16:55:00.134-0500][gc,heap     ] GC(5) Eden regions: 1->0(50)
[2024-05-29T16:55:00.134-0500][gc,heap     ] GC(5) Survivor regions: 2->1(7)
[2024-05-29T16:55:00.134-0500][gc,heap     ] GC(5) Old regions: 15->15
[2024-05-29T16:55:00.134-0500][gc,heap     ] GC(5) Humongous regions: 129->129
[2024-05-29T16:55:00.134-0500][gc,metaspace] GC(5) Metaspace: 36454K(36736K)->36454K(36736K) NonClass: 32423K(32576K)->32423K(32576K) Class: 4031K(4160K)->4031K(4160K)
[2024-05-29T16:55:00.134-0500][gc          ] GC(5) Pause Young (Concurrent Start) (Metadata GC Threshold) 145M->144M(1024M) 10.463ms
[2024-05-29T16:55:00.134-0500][gc,cpu      ] GC(5) User=0.01s Sys=0.00s Real=0.02s
[2024-05-29T16:55:00.134-0500][gc          ] GC(6) Concurrent Mark Cycle
[2024-05-29T16:55:00.134-0500][gc,marking  ] GC(6) Concurrent Scan Root Regions
[2024-05-29T16:55:00.136-0500][gc,marking  ] GC(6) Concurrent Scan Root Regions 1.524ms
[2024-05-29T16:55:00.136-0500][gc,marking  ] GC(6) Concurrent Mark
[2024-05-29T16:55:00.136-0500][gc,marking  ] GC(6) Concurrent Mark From Roots
[2024-05-29T16:55:00.136-0500][gc,task     ] GC(6) Using 1 workers of 1 for marking
[2024-05-29T16:55:00.151-0500][gc,marking  ] GC(6) Concurrent Mark From Roots 14.673ms
[2024-05-29T16:55:00.151-0500][gc,marking  ] GC(6) Concurrent Preclean
[2024-05-29T16:55:00.151-0500][gc,marking  ] GC(6) Concurrent Preclean 0.071ms
[2024-05-29T16:55:00.151-0500][gc,start    ] GC(6) Pause Remark
[2024-05-29T16:55:00.157-0500][gc          ] GC(6) Pause Remark 144M->144M(1024M) 6.315ms
[2024-05-29T16:55:00.157-0500][gc,cpu      ] GC(6) User=0.01s Sys=0.01s Real=0.01s
[2024-05-29T16:55:00.161-0500][gc,marking  ] GC(6) Concurrent Mark 24.996ms
[2024-05-29T16:55:00.161-0500][gc,marking  ] GC(6) Concurrent Rebuild Remembered Sets and Scrub Regions
[2024-05-29T16:55:00.168-0500][gc,marking  ] GC(6) Concurrent Rebuild Remembered Sets and Scrub Regions 7.228ms
[2024-05-29T16:55:00.169-0500][gc,start    ] GC(6) Pause Cleanup
[2024-05-29T16:55:00.169-0500][gc          ] GC(6) Pause Cleanup 144M->144M(1024M) 0.256ms
[2024-05-29T16:55:00.169-0500][gc,cpu      ] GC(6) User=0.00s Sys=0.00s Real=0.00s
[2024-05-29T16:55:00.169-0500][gc,marking  ] GC(6) Concurrent Clear Claimed Marks
[2024-05-29T16:55:00.169-0500][gc,marking  ] GC(6) Concurrent Clear Claimed Marks 0.042ms
[2024-05-29T16:55:00.169-0500][gc,marking  ] GC(6) Concurrent Cleanup for Next Mark
[2024-05-29T16:55:00.173-0500][gc,marking  ] GC(6) Concurrent Cleanup for Next Mark 3.879ms
[2024-05-29T16:55:00.173-0500][gc          ] GC(6) Concurrent Mark Cycle 38.959ms
[2024-05-29T16:55:00.981-0500][gc,heap,exit] Heap
[2024-05-29T16:55:00.981-0500][gc,heap,exit]  garbage-first heap   total 1048576K, used 163470K [0x00000000c0000000, 0x0000000100000000)
[2024-05-29T16:55:00.981-0500][gc,heap,exit]   region size 1024K, 17 young (17408K), 1 survivors (1024K)
[2024-05-29T16:55:00.981-0500][gc,heap,exit]  Metaspace       used 38851K, committed 39232K, reserved 1114112K
[2024-05-29T16:55:00.981-0500][gc,heap,exit]   class space    used 4383K, committed 4544K, reserved 1048576K
