[2024-05-29T16:14:56.169-0500][gc,init] CardTable entry size: 512
[2024-05-29T16:14:56.170-0500][gc     ] Using G1
[2024-05-29T16:14:56.192-0500][gc,init] Version: 21.0.2+13-Debian-2 (release)
[2024-05-29T16:14:56.192-0500][gc,init] CPUs: 5 total, 5 available
[2024-05-29T16:14:56.192-0500][gc,init] Memory: 5094M
[2024-05-29T16:14:56.192-0500][gc,init] Large Page Support: Disabled
[2024-05-29T16:14:56.192-0500][gc,init] NUMA Support: Disabled
[2024-05-29T16:14:56.192-0500][gc,init] Compressed Oops: Enabled (32-bit)
[2024-05-29T16:14:56.192-0500][gc,init] Heap Region Size: 1M
[2024-05-29T16:14:56.192-0500][gc,init] Heap Min Capacity: 1G
[2024-05-29T16:14:56.192-0500][gc,init] Heap Initial Capacity: 1G
[2024-05-29T16:14:56.192-0500][gc,init] Heap Max Capacity: 1G
[2024-05-29T16:14:56.192-0500][gc,init] Pre-touch: Disabled
[2024-05-29T16:14:56.192-0500][gc,init] Parallel Workers: 5
[2024-05-29T16:14:56.192-0500][gc,init] Concurrent Workers: 1
[2024-05-29T16:14:56.192-0500][gc,init] Concurrent Refinement Workers: 5
[2024-05-29T16:14:56.192-0500][gc,init] Periodic GC: Disabled
[2024-05-29T16:14:56.209-0500][gc,metaspace] CDS archive(s) mapped at: [0x00007f48c3000000-0x00007f48c3ca6000-0x00007f48c3ca6000), size 13262848, SharedBaseAddress: 0x00007f48c3000000, ArchiveRelocationMode: 1.
[2024-05-29T16:14:56.209-0500][gc,metaspace] Compressed class space mapped at: 0x00007f48c4000000-0x00007f4904000000, reserved size: 1073741824
[2024-05-29T16:14:56.209-0500][gc,metaspace] Narrow klass base: 0x00007f48c3000000, Narrow klass shift: 0, Narrow klass range: 0x100000000
[2024-05-29T16:14:59.124-0500][gc,start    ] GC(0) Pause Young (Normal) (G1 Evacuation Pause)
[2024-05-29T16:14:59.132-0500][gc,task     ] GC(0) Using 5 workers of 5 for evacuation
[2024-05-29T16:14:59.171-0500][gc,mmu      ] GC(0) MMU target violated: 21.0ms (20.0ms/21.0ms)
[2024-05-29T16:14:59.172-0500][gc,phases   ] GC(0)   Pre Evacuate Collection Set: 0.5ms
[2024-05-29T16:14:59.172-0500][gc,phases   ] GC(0)   Merge Heap Roots: 0.3ms
[2024-05-29T16:14:59.172-0500][gc,phases   ] GC(0)   Evacuate Collection Set: 30.6ms
[2024-05-29T16:14:59.172-0500][gc,phases   ] GC(0)   Post Evacuate Collection Set: 8.2ms
[2024-05-29T16:14:59.172-0500][gc,phases   ] GC(0)   Other: 7.8ms
[2024-05-29T16:14:59.172-0500][gc,heap     ] GC(0) Eden regions: 51->0(44)
[2024-05-29T16:14:59.172-0500][gc,heap     ] GC(0) Survivor regions: 0->7(7)
[2024-05-29T16:14:59.172-0500][gc,heap     ] GC(0) Old regions: 2->3
[2024-05-29T16:14:59.172-0500][gc,heap     ] GC(0) Humongous regions: 0->0
[2024-05-29T16:14:59.172-0500][gc,metaspace] GC(0) Metaspace: 18315K(18560K)->18315K(18560K) NonClass: 16236K(16384K)->16236K(16384K) Class: 2078K(2176K)->2078K(2176K)
[2024-05-29T16:14:59.172-0500][gc          ] GC(0) Pause Young (Normal) (G1 Evacuation Pause) 52M->9M(1024M) 47.649ms
[2024-05-29T16:14:59.172-0500][gc,cpu      ] GC(0) User=0.06s Sys=0.05s Real=0.05s
[2024-05-29T16:14:59.701-0500][gc,start    ] GC(1) Pause Young (Concurrent Start) (Metadata GC Threshold)
[2024-05-29T16:14:59.701-0500][gc,task     ] GC(1) Using 5 workers of 5 for evacuation
[2024-05-29T16:14:59.755-0500][gc,mmu      ] GC(1) MMU target violated: 21.0ms (20.0ms/21.0ms)
[2024-05-29T16:14:59.755-0500][gc,phases   ] GC(1)   Pre Evacuate Collection Set: 1.9ms
[2024-05-29T16:14:59.755-0500][gc,phases   ] GC(1)   Merge Heap Roots: 1.6ms
[2024-05-29T16:14:59.755-0500][gc,phases   ] GC(1)   Evacuate Collection Set: 43.8ms
[2024-05-29T16:14:59.755-0500][gc,phases   ] GC(1)   Post Evacuate Collection Set: 5.8ms
[2024-05-29T16:14:59.755-0500][gc,phases   ] GC(1)   Other: 0.9ms
[2024-05-29T16:14:59.755-0500][gc,heap     ] GC(1) Eden regions: 13->0(49)
[2024-05-29T16:14:59.755-0500][gc,heap     ] GC(1) Survivor regions: 7->2(7)
[2024-05-29T16:14:59.755-0500][gc,heap     ] GC(1) Old regions: 3->11
[2024-05-29T16:14:59.755-0500][gc,heap     ] GC(1) Humongous regions: 0->0
[2024-05-29T16:14:59.755-0500][gc,metaspace] GC(1) Metaspace: 21336K(21504K)->21336K(21504K) NonClass: 18856K(18944K)->18856K(18944K) Class: 2480K(2560K)->2480K(2560K)
[2024-05-29T16:14:59.756-0500][gc          ] GC(1) Pause Young (Concurrent Start) (Metadata GC Threshold) 21M->10M(1024M) 54.350ms
[2024-05-29T16:14:59.756-0500][gc,cpu      ] GC(1) User=0.05s Sys=0.06s Real=0.06s
[2024-05-29T16:14:59.756-0500][gc          ] GC(2) Concurrent Mark Cycle
[2024-05-29T16:14:59.756-0500][gc,marking  ] GC(2) Concurrent Scan Root Regions
[2024-05-29T16:14:59.764-0500][gc,marking  ] GC(2) Concurrent Scan Root Regions 8.095ms
[2024-05-29T16:14:59.764-0500][gc,marking  ] GC(2) Concurrent Mark
[2024-05-29T16:14:59.764-0500][gc,marking  ] GC(2) Concurrent Mark From Roots
[2024-05-29T16:14:59.764-0500][gc,task     ] GC(2) Using 1 workers of 1 for marking
[2024-05-29T16:14:59.769-0500][gc,marking  ] GC(2) Concurrent Mark From Roots 4.770ms
[2024-05-29T16:14:59.769-0500][gc,marking  ] GC(2) Concurrent Preclean
[2024-05-29T16:14:59.769-0500][gc,marking  ] GC(2) Concurrent Preclean 0.008ms
[2024-05-29T16:14:59.777-0500][gc,start    ] GC(2) Pause Remark
[2024-05-29T16:14:59.783-0500][gc          ] GC(2) Pause Remark 10M->10M(1024M) 6.916ms
[2024-05-29T16:14:59.784-0500][gc,cpu      ] GC(2) User=0.00s Sys=0.02s Real=0.00s
[2024-05-29T16:14:59.784-0500][gc,marking  ] GC(2) Concurrent Mark 19.743ms
[2024-05-29T16:14:59.784-0500][gc,marking  ] GC(2) Concurrent Rebuild Remembered Sets and Scrub Regions
[2024-05-29T16:14:59.790-0500][gc,marking  ] GC(2) Concurrent Rebuild Remembered Sets and Scrub Regions 6.396ms
[2024-05-29T16:14:59.791-0500][gc,start    ] GC(2) Pause Cleanup
[2024-05-29T16:14:59.792-0500][gc          ] GC(2) Pause Cleanup 10M->10M(1024M) 0.657ms
[2024-05-29T16:14:59.792-0500][gc,cpu      ] GC(2) User=0.00s Sys=0.00s Real=0.00s
[2024-05-29T16:14:59.794-0500][gc,marking  ] GC(2) Concurrent Clear Claimed Marks
[2024-05-29T16:14:59.794-0500][gc,marking  ] GC(2) Concurrent Clear Claimed Marks 0.136ms
[2024-05-29T16:14:59.794-0500][gc,marking  ] GC(2) Concurrent Cleanup for Next Mark
[2024-05-29T16:14:59.871-0500][gc,marking  ] GC(2) Concurrent Cleanup for Next Mark 76.632ms
[2024-05-29T16:14:59.871-0500][gc          ] GC(2) Concurrent Mark Cycle 114.970ms
[2024-05-29T16:15:03.235-0500][gc,start    ] GC(3) Pause Young (Prepare Mixed) (G1 Evacuation Pause)
[2024-05-29T16:15:03.236-0500][gc,task     ] GC(3) Using 5 workers of 5 for evacuation
[2024-05-29T16:15:03.245-0500][gc,phases   ] GC(3)   Pre Evacuate Collection Set: 0.6ms
[2024-05-29T16:15:03.245-0500][gc,phases   ] GC(3)   Merge Heap Roots: 0.4ms
[2024-05-29T16:15:03.245-0500][gc,phases   ] GC(3)   Evacuate Collection Set: 4.5ms
[2024-05-29T16:15:03.245-0500][gc,phases   ] GC(3)   Post Evacuate Collection Set: 3.4ms
[2024-05-29T16:15:03.245-0500][gc,phases   ] GC(3)   Other: 0.2ms
[2024-05-29T16:15:03.245-0500][gc,heap     ] GC(3) Eden regions: 49->0(45)
[2024-05-29T16:15:03.245-0500][gc,heap     ] GC(3) Survivor regions: 2->6(7)
[2024-05-29T16:15:03.245-0500][gc,heap     ] GC(3) Old regions: 11->11
[2024-05-29T16:15:03.245-0500][gc,heap     ] GC(3) Humongous regions: 129->129
[2024-05-29T16:15:03.245-0500][gc,metaspace] GC(3) Metaspace: 34712K(35008K)->34712K(35008K) NonClass: 30859K(31040K)->30859K(31040K) Class: 3853K(3968K)->3853K(3968K)
[2024-05-29T16:15:03.245-0500][gc          ] GC(3) Pause Young (Prepare Mixed) (G1 Evacuation Pause) 188M->143M(1024M) 9.306ms
[2024-05-29T16:15:03.245-0500][gc,cpu      ] GC(3) User=0.02s Sys=0.01s Real=0.00s
[2024-05-29T16:15:03.718-0500][gc,start    ] GC(4) Pause Young (Mixed) (Metadata GC Threshold)
[2024-05-29T16:15:03.718-0500][gc,task     ] GC(4) Using 5 workers of 5 for evacuation
[2024-05-29T16:15:03.762-0500][gc,mmu      ] GC(4) MMU target violated: 21.0ms (20.0ms/21.0ms)
[2024-05-29T16:15:03.763-0500][gc,phases   ] GC(4)   Pre Evacuate Collection Set: 1.4ms
[2024-05-29T16:15:03.763-0500][gc,phases   ] GC(4)   Merge Heap Roots: 0.9ms
[2024-05-29T16:15:03.763-0500][gc,phases   ] GC(4)   Evacuate Collection Set: 39.2ms
[2024-05-29T16:15:03.763-0500][gc,phases   ] GC(4)   Post Evacuate Collection Set: 2.2ms
[2024-05-29T16:15:03.763-0500][gc,phases   ] GC(4)   Other: 1.5ms
[2024-05-29T16:15:03.763-0500][gc,heap     ] GC(4) Eden regions: 15->0(50)
[2024-05-29T16:15:03.763-0500][gc,heap     ] GC(4) Survivor regions: 6->1(7)
[2024-05-29T16:15:03.763-0500][gc,heap     ] GC(4) Old regions: 11->15
[2024-05-29T16:15:03.763-0500][gc,heap     ] GC(4) Humongous regions: 129->129
[2024-05-29T16:15:03.763-0500][gc,metaspace] GC(4) Metaspace: 35686K(35968K)->35686K(35968K) NonClass: 31746K(31872K)->31746K(31872K) Class: 3940K(4096K)->3940K(4096K)
[2024-05-29T16:15:03.763-0500][gc          ] GC(4) Pause Young (Mixed) (Metadata GC Threshold) 158M->144M(1024M) 45.499ms
[2024-05-29T16:15:03.763-0500][gc,cpu      ] GC(4) User=0.01s Sys=0.07s Real=0.04s
[2024-05-29T16:15:03.856-0500][gc,start    ] GC(5) Pause Young (Concurrent Start) (Metadata GC Threshold)
[2024-05-29T16:15:03.856-0500][gc,task     ] GC(5) Using 5 workers of 5 for evacuation
[2024-05-29T16:15:03.872-0500][gc,phases   ] GC(5)   Pre Evacuate Collection Set: 1.6ms
[2024-05-29T16:15:03.872-0500][gc,phases   ] GC(5)   Merge Heap Roots: 1.7ms
[2024-05-29T16:15:03.872-0500][gc,phases   ] GC(5)   Evacuate Collection Set: 7.8ms
[2024-05-29T16:15:03.872-0500][gc,phases   ] GC(5)   Post Evacuate Collection Set: 2.0ms
[2024-05-29T16:15:03.872-0500][gc,phases   ] GC(5)   Other: 3.3ms
[2024-05-29T16:15:03.872-0500][gc,heap     ] GC(5) Eden regions: 3->0(50)
[2024-05-29T16:15:03.872-0500][gc,heap     ] GC(5) Survivor regions: 1->1(7)
[2024-05-29T16:15:03.872-0500][gc,heap     ] GC(5) Old regions: 15->15
[2024-05-29T16:15:03.872-0500][gc,heap     ] GC(5) Humongous regions: 129->129
[2024-05-29T16:15:03.872-0500][gc,metaspace] GC(5) Metaspace: 36054K(36288K)->36054K(36288K) NonClass: 32072K(32192K)->32072K(32192K) Class: 3982K(4096K)->3982K(4096K)
[2024-05-29T16:15:03.872-0500][gc          ] GC(5) Pause Young (Concurrent Start) (Metadata GC Threshold) 146M->144M(1024M) 16.406ms
[2024-05-29T16:15:03.872-0500][gc,cpu      ] GC(5) User=0.01s Sys=0.02s Real=0.01s
[2024-05-29T16:15:03.872-0500][gc          ] GC(6) Concurrent Mark Cycle
[2024-05-29T16:15:03.872-0500][gc,marking  ] GC(6) Concurrent Scan Root Regions
[2024-05-29T16:15:03.874-0500][gc,marking  ] GC(6) Concurrent Scan Root Regions 1.829ms
[2024-05-29T16:15:03.874-0500][gc,marking  ] GC(6) Concurrent Mark
[2024-05-29T16:15:03.874-0500][gc,marking  ] GC(6) Concurrent Mark From Roots
[2024-05-29T16:15:03.874-0500][gc,task     ] GC(6) Using 1 workers of 1 for marking
[2024-05-29T16:15:03.895-0500][gc,marking  ] GC(6) Concurrent Mark From Roots 20.897ms
[2024-05-29T16:15:03.900-0500][gc,marking  ] GC(6) Concurrent Preclean
[2024-05-29T16:15:03.900-0500][gc,marking  ] GC(6) Concurrent Preclean 0.050ms
[2024-05-29T16:15:03.902-0500][gc,start    ] GC(6) Pause Remark
[2024-05-29T16:15:03.909-0500][gc          ] GC(6) Pause Remark 145M->145M(1024M) 6.657ms
[2024-05-29T16:15:03.909-0500][gc,cpu      ] GC(6) User=0.00s Sys=0.01s Real=0.01s
[2024-05-29T16:15:03.909-0500][gc,marking  ] GC(6) Concurrent Mark 35.126ms
[2024-05-29T16:15:03.909-0500][gc,marking  ] GC(6) Concurrent Rebuild Remembered Sets and Scrub Regions
[2024-05-29T16:15:03.919-0500][gc,marking  ] GC(6) Concurrent Rebuild Remembered Sets and Scrub Regions 9.443ms
[2024-05-29T16:15:03.924-0500][gc,start    ] GC(6) Pause Cleanup
[2024-05-29T16:15:03.925-0500][gc          ] GC(6) Pause Cleanup 145M->145M(1024M) 0.641ms
[2024-05-29T16:15:03.925-0500][gc,cpu      ] GC(6) User=0.00s Sys=0.00s Real=0.00s
[2024-05-29T16:15:03.932-0500][gc,marking  ] GC(6) Concurrent Clear Claimed Marks
[2024-05-29T16:15:03.933-0500][gc,marking  ] GC(6) Concurrent Clear Claimed Marks 0.091ms
[2024-05-29T16:15:03.933-0500][gc,marking  ] GC(6) Concurrent Cleanup for Next Mark
[2024-05-29T16:15:03.937-0500][gc,marking  ] GC(6) Concurrent Cleanup for Next Mark 3.949ms
[2024-05-29T16:15:03.937-0500][gc          ] GC(6) Concurrent Mark Cycle 64.196ms
[2024-05-29T16:22:46.414-0500][gc,start    ] GC(7) Pause Young (Prepare Mixed) (G1 Evacuation Pause)
[2024-05-29T16:22:46.414-0500][gc,task     ] GC(7) Using 5 workers of 5 for evacuation
[2024-05-29T16:22:46.440-0500][gc,mmu      ] GC(7) MMU target violated: 21.0ms (20.0ms/21.0ms)
[2024-05-29T16:22:46.440-0500][gc,phases   ] GC(7)   Pre Evacuate Collection Set: 3.4ms
[2024-05-29T16:22:46.440-0500][gc,phases   ] GC(7)   Merge Heap Roots: 1.2ms
[2024-05-29T16:22:46.440-0500][gc,phases   ] GC(7)   Evacuate Collection Set: 15.7ms
[2024-05-29T16:22:46.440-0500][gc,phases   ] GC(7)   Post Evacuate Collection Set: 5.6ms
[2024-05-29T16:22:46.440-0500][gc,phases   ] GC(7)   Other: 0.2ms
[2024-05-29T16:22:46.440-0500][gc,heap     ] GC(7) Eden regions: 50->0(46)
[2024-05-29T16:22:46.440-0500][gc,heap     ] GC(7) Survivor regions: 1->5(7)
[2024-05-29T16:22:46.440-0500][gc,heap     ] GC(7) Old regions: 15->15
[2024-05-29T16:22:46.440-0500][gc,heap     ] GC(7) Humongous regions: 129->129
[2024-05-29T16:22:46.440-0500][gc,metaspace] GC(7) Metaspace: 45383K(45888K)->45383K(45888K) NonClass: 40180K(40512K)->40180K(40512K) Class: 5203K(5376K)->5203K(5376K)
[2024-05-29T16:22:46.440-0500][gc          ] GC(7) Pause Young (Prepare Mixed) (G1 Evacuation Pause) 194M->148M(1024M) 26.278ms
[2024-05-29T16:22:46.440-0500][gc,cpu      ] GC(7) User=0.01s Sys=0.03s Real=0.02s
[2024-05-29T16:54:11.937-0500][gc,start    ] GC(8) Pause Young (Mixed) (G1 Evacuation Pause)
[2024-05-29T16:54:11.937-0500][gc,task     ] GC(8) Using 5 workers of 5 for evacuation
[2024-05-29T16:54:11.968-0500][gc,mmu      ] GC(8) MMU target violated: 21.0ms (20.0ms/21.0ms)
[2024-05-29T16:54:11.968-0500][gc,phases   ] GC(8)   Pre Evacuate Collection Set: 2.2ms
[2024-05-29T16:54:11.968-0500][gc,phases   ] GC(8)   Merge Heap Roots: 0.8ms
[2024-05-29T16:54:11.968-0500][gc,phases   ] GC(8)   Evacuate Collection Set: 20.0ms
[2024-05-29T16:54:11.968-0500][gc,phases   ] GC(8)   Post Evacuate Collection Set: 7.7ms
[2024-05-29T16:54:11.968-0500][gc,phases   ] GC(8)   Other: 0.3ms
[2024-05-29T16:54:11.968-0500][gc,heap     ] GC(8) Eden regions: 46->0(49)
[2024-05-29T16:54:11.968-0500][gc,heap     ] GC(8) Survivor regions: 5->2(7)
[2024-05-29T16:54:11.968-0500][gc,heap     ] GC(8) Old regions: 15->19
[2024-05-29T16:54:11.968-0500][gc,heap     ] GC(8) Humongous regions: 129->129
[2024-05-29T16:54:11.968-0500][gc,metaspace] GC(8) Metaspace: 47612K(48064K)->47612K(48064K) NonClass: 42230K(42496K)->42230K(42496K) Class: 5382K(5568K)->5382K(5568K)
[2024-05-29T16:54:11.968-0500][gc          ] GC(8) Pause Young (Mixed) (G1 Evacuation Pause) 194M->148M(1024M) 31.076ms
[2024-05-29T16:54:11.968-0500][gc,cpu      ] GC(8) User=0.04s Sys=0.05s Real=0.03s
[2024-05-29T16:54:36.973-0500][gc,heap,exit] Heap
[2024-05-29T16:54:36.973-0500][gc,heap,exit]  garbage-first heap   total 1048576K, used 167875K [0x00000000c0000000, 0x0000000100000000)
[2024-05-29T16:54:36.973-0500][gc,heap,exit]   region size 1024K, 17 young (17408K), 2 survivors (2048K)
[2024-05-29T16:54:36.973-0500][gc,heap,exit]  Metaspace       used 48566K, committed 49152K, reserved 1114112K
[2024-05-29T16:54:36.973-0500][gc,heap,exit]   class space    used 5563K, committed 5824K, reserved 1048576K
