[2024-05-25T17:01:58.581-0500][gc,init] CardTable entry size: 512
[2024-05-25T17:01:58.581-0500][gc     ] Using G1
[2024-05-25T17:01:58.601-0500][gc,init] Version: 21.0.2+13-Debian-2 (release)
[2024-05-25T17:01:58.601-0500][gc,init] CPUs: 5 total, 5 available
[2024-05-25T17:01:58.602-0500][gc,init] Memory: 5094M
[2024-05-25T17:01:58.602-0500][gc,init] Large Page Support: Disabled
[2024-05-25T17:01:58.602-0500][gc,init] NUMA Support: Disabled
[2024-05-25T17:01:58.602-0500][gc,init] Compressed Oops: Enabled (32-bit)
[2024-05-25T17:01:58.602-0500][gc,init] Heap Region Size: 1M
[2024-05-25T17:01:58.602-0500][gc,init] Heap Min Capacity: 1G
[2024-05-25T17:01:58.602-0500][gc,init] Heap Initial Capacity: 1G
[2024-05-25T17:01:58.602-0500][gc,init] Heap Max Capacity: 1G
[2024-05-25T17:01:58.602-0500][gc,init] Pre-touch: Disabled
[2024-05-25T17:01:58.602-0500][gc,init] Parallel Workers: 5
[2024-05-25T17:01:58.602-0500][gc,init] Concurrent Workers: 1
[2024-05-25T17:01:58.602-0500][gc,init] Concurrent Refinement Workers: 5
[2024-05-25T17:01:58.602-0500][gc,init] Periodic GC: Disabled
[2024-05-25T17:01:58.620-0500][gc,metaspace] CDS archive(s) mapped at: [0x00007f0bef000000-0x00007f0befca6000-0x00007f0befca6000), size 13262848, SharedBaseAddress: 0x00007f0bef000000, ArchiveRelocationMode: 1.
[2024-05-25T17:01:58.620-0500][gc,metaspace] Compressed class space mapped at: 0x00007f0bf0000000-0x00007f0c30000000, reserved size: 1073741824
[2024-05-25T17:01:58.620-0500][gc,metaspace] Narrow klass base: 0x00007f0bef000000, Narrow klass shift: 0, Narrow klass range: 0x100000000
[2024-05-25T17:02:01.471-0500][gc,start    ] GC(0) Pause Young (Normal) (G1 Evacuation Pause)
[2024-05-25T17:02:01.478-0500][gc,task     ] GC(0) Using 5 workers of 5 for evacuation
[2024-05-25T17:02:01.514-0500][gc,mmu      ] GC(0) MMU target violated: 21.0ms (20.0ms/21.0ms)
[2024-05-25T17:02:01.514-0500][gc,phases   ] GC(0)   Pre Evacuate Collection Set: 1.2ms
[2024-05-25T17:02:01.514-0500][gc,phases   ] GC(0)   Merge Heap Roots: 2.7ms
[2024-05-25T17:02:01.514-0500][gc,phases   ] GC(0)   Evacuate Collection Set: 25.4ms
[2024-05-25T17:02:01.514-0500][gc,phases   ] GC(0)   Post Evacuate Collection Set: 6.7ms
[2024-05-25T17:02:01.514-0500][gc,phases   ] GC(0)   Other: 6.2ms
[2024-05-25T17:02:01.514-0500][gc,heap     ] GC(0) Eden regions: 51->0(44)
[2024-05-25T17:02:01.514-0500][gc,heap     ] GC(0) Survivor regions: 0->7(7)
[2024-05-25T17:02:01.514-0500][gc,heap     ] GC(0) Old regions: 2->3
[2024-05-25T17:02:01.514-0500][gc,heap     ] GC(0) Humongous regions: 0->0
[2024-05-25T17:02:01.514-0500][gc,metaspace] GC(0) Metaspace: 18251K(18432K)->18251K(18432K) NonClass: 16176K(16256K)->16176K(16256K) Class: 2075K(2176K)->2075K(2176K)
[2024-05-25T17:02:01.514-0500][gc          ] GC(0) Pause Young (Normal) (G1 Evacuation Pause) 52M->8M(1024M) 42.852ms
[2024-05-25T17:02:01.514-0500][gc,cpu      ] GC(0) User=0.03s Sys=0.05s Real=0.04s
[2024-05-25T17:02:02.165-0500][gc,start    ] GC(1) Pause Young (Concurrent Start) (Metadata GC Threshold)
[2024-05-25T17:02:02.165-0500][gc,task     ] GC(1) Using 5 workers of 5 for evacuation
[2024-05-25T17:02:02.204-0500][gc,mmu      ] GC(1) MMU target violated: 21.0ms (20.0ms/21.0ms)
[2024-05-25T17:02:02.204-0500][gc,phases   ] GC(1)   Pre Evacuate Collection Set: 2.6ms
[2024-05-25T17:02:02.204-0500][gc,phases   ] GC(1)   Merge Heap Roots: 2.4ms
[2024-05-25T17:02:02.204-0500][gc,phases   ] GC(1)   Evacuate Collection Set: 25.7ms
[2024-05-25T17:02:02.204-0500][gc,phases   ] GC(1)   Post Evacuate Collection Set: 5.5ms
[2024-05-25T17:02:02.204-0500][gc,phases   ] GC(1)   Other: 3.0ms
[2024-05-25T17:02:02.204-0500][gc,heap     ] GC(1) Eden regions: 13->0(49)
[2024-05-25T17:02:02.204-0500][gc,heap     ] GC(1) Survivor regions: 7->2(7)
[2024-05-25T17:02:02.204-0500][gc,heap     ] GC(1) Old regions: 3->11
[2024-05-25T17:02:02.204-0500][gc,heap     ] GC(1) Humongous regions: 0->0
[2024-05-25T17:02:02.204-0500][gc,metaspace] GC(1) Metaspace: 21298K(21504K)->21298K(21504K) NonClass: 18836K(18944K)->18836K(18944K) Class: 2462K(2560K)->2462K(2560K)
[2024-05-25T17:02:02.204-0500][gc          ] GC(1) Pause Young (Concurrent Start) (Metadata GC Threshold) 21M->10M(1024M) 39.400ms
[2024-05-25T17:02:02.205-0500][gc,cpu      ] GC(1) User=0.02s Sys=0.09s Real=0.04s
[2024-05-25T17:02:02.206-0500][gc          ] GC(2) Concurrent Mark Cycle
[2024-05-25T17:02:02.206-0500][gc,marking  ] GC(2) Concurrent Scan Root Regions
[2024-05-25T17:02:02.210-0500][gc,marking  ] GC(2) Concurrent Scan Root Regions 4.351ms
[2024-05-25T17:02:02.210-0500][gc,marking  ] GC(2) Concurrent Mark
[2024-05-25T17:02:02.210-0500][gc,marking  ] GC(2) Concurrent Mark From Roots
[2024-05-25T17:02:02.210-0500][gc,task     ] GC(2) Using 1 workers of 1 for marking
[2024-05-25T17:02:02.214-0500][gc,marking  ] GC(2) Concurrent Mark From Roots 3.818ms
[2024-05-25T17:02:02.214-0500][gc,marking  ] GC(2) Concurrent Preclean
[2024-05-25T17:02:02.214-0500][gc,marking  ] GC(2) Concurrent Preclean 0.009ms
[2024-05-25T17:02:02.216-0500][gc,start    ] GC(2) Pause Remark
[2024-05-25T17:02:02.229-0500][gc          ] GC(2) Pause Remark 11M->11M(1024M) 12.810ms
[2024-05-25T17:02:02.229-0500][gc,cpu      ] GC(2) User=0.01s Sys=0.01s Real=0.01s
[2024-05-25T17:02:02.229-0500][gc,marking  ] GC(2) Concurrent Mark 19.059ms
[2024-05-25T17:02:02.229-0500][gc,marking  ] GC(2) Concurrent Rebuild Remembered Sets and Scrub Regions
[2024-05-25T17:02:02.235-0500][gc,marking  ] GC(2) Concurrent Rebuild Remembered Sets and Scrub Regions 5.731ms
[2024-05-25T17:02:02.239-0500][gc,start    ] GC(2) Pause Cleanup
[2024-05-25T17:02:02.239-0500][gc          ] GC(2) Pause Cleanup 11M->11M(1024M) 0.471ms
[2024-05-25T17:02:02.239-0500][gc,cpu      ] GC(2) User=0.00s Sys=0.00s Real=0.00s
[2024-05-25T17:02:02.247-0500][gc,marking  ] GC(2) Concurrent Clear Claimed Marks
[2024-05-25T17:02:02.247-0500][gc,marking  ] GC(2) Concurrent Clear Claimed Marks 0.084ms
[2024-05-25T17:02:02.247-0500][gc,marking  ] GC(2) Concurrent Cleanup for Next Mark
[2024-05-25T17:02:02.297-0500][gc,marking  ] GC(2) Concurrent Cleanup for Next Mark 49.498ms
[2024-05-25T17:02:02.297-0500][gc          ] GC(2) Concurrent Mark Cycle 91.063ms
[2024-05-25T17:02:05.504-0500][gc,start    ] GC(3) Pause Young (Prepare Mixed) (G1 Evacuation Pause)
[2024-05-25T17:02:05.504-0500][gc,task     ] GC(3) Using 5 workers of 5 for evacuation
[2024-05-25T17:02:05.516-0500][gc,phases   ] GC(3)   Pre Evacuate Collection Set: 1.0ms
[2024-05-25T17:02:05.516-0500][gc,phases   ] GC(3)   Merge Heap Roots: 0.6ms
[2024-05-25T17:02:05.516-0500][gc,phases   ] GC(3)   Evacuate Collection Set: 5.8ms
[2024-05-25T17:02:05.516-0500][gc,phases   ] GC(3)   Post Evacuate Collection Set: 3.7ms
[2024-05-25T17:02:05.516-0500][gc,phases   ] GC(3)   Other: 0.2ms
[2024-05-25T17:02:05.516-0500][gc,heap     ] GC(3) Eden regions: 49->0(45)
[2024-05-25T17:02:05.516-0500][gc,heap     ] GC(3) Survivor regions: 2->6(7)
[2024-05-25T17:02:05.516-0500][gc,heap     ] GC(3) Old regions: 11->11
[2024-05-25T17:02:05.516-0500][gc,heap     ] GC(3) Humongous regions: 129->129
[2024-05-25T17:02:05.516-0500][gc,metaspace] GC(3) Metaspace: 34634K(34944K)->34634K(34944K) NonClass: 30785K(30976K)->30785K(30976K) Class: 3848K(3968K)->3848K(3968K)
[2024-05-25T17:02:05.516-0500][gc          ] GC(3) Pause Young (Prepare Mixed) (G1 Evacuation Pause) 188M->143M(1024M) 11.502ms
[2024-05-25T17:02:05.516-0500][gc,cpu      ] GC(3) User=0.02s Sys=0.02s Real=0.01s
[2024-05-25T17:02:06.082-0500][gc,start    ] GC(4) Pause Young (Mixed) (Metadata GC Threshold)
[2024-05-25T17:02:06.082-0500][gc,task     ] GC(4) Using 5 workers of 5 for evacuation
[2024-05-25T17:02:06.110-0500][gc,mmu      ] GC(4) MMU target violated: 21.0ms (20.0ms/21.0ms)
[2024-05-25T17:02:06.110-0500][gc,phases   ] GC(4)   Pre Evacuate Collection Set: 2.8ms
[2024-05-25T17:02:06.110-0500][gc,phases   ] GC(4)   Merge Heap Roots: 1.1ms
[2024-05-25T17:02:06.110-0500][gc,phases   ] GC(4)   Evacuate Collection Set: 22.8ms
[2024-05-25T17:02:06.110-0500][gc,phases   ] GC(4)   Post Evacuate Collection Set: 1.4ms
[2024-05-25T17:02:06.110-0500][gc,phases   ] GC(4)   Other: 0.1ms
[2024-05-25T17:02:06.110-0500][gc,heap     ] GC(4) Eden regions: 15->0(50)
[2024-05-25T17:02:06.110-0500][gc,heap     ] GC(4) Survivor regions: 6->1(7)
[2024-05-25T17:02:06.110-0500][gc,heap     ] GC(4) Old regions: 11->15
[2024-05-25T17:02:06.110-0500][gc,heap     ] GC(4) Humongous regions: 129->129
[2024-05-25T17:02:06.110-0500][gc,metaspace] GC(4) Metaspace: 35835K(36096K)->35835K(36096K) NonClass: 31871K(32000K)->31871K(32000K) Class: 3963K(4096K)->3963K(4096K)
[2024-05-25T17:02:06.110-0500][gc          ] GC(4) Pause Young (Mixed) (Metadata GC Threshold) 158M->144M(1024M) 28.513ms
[2024-05-25T17:02:06.111-0500][gc,cpu      ] GC(4) User=0.04s Sys=0.03s Real=0.03s
[2024-05-25T17:02:06.191-0500][gc,start    ] GC(5) Pause Young (Concurrent Start) (Metadata GC Threshold)
[2024-05-25T17:02:06.191-0500][gc,task     ] GC(5) Using 5 workers of 5 for evacuation
[2024-05-25T17:02:06.202-0500][gc,phases   ] GC(5)   Pre Evacuate Collection Set: 1.7ms
[2024-05-25T17:02:06.202-0500][gc,phases   ] GC(5)   Merge Heap Roots: 0.2ms
[2024-05-25T17:02:06.202-0500][gc,phases   ] GC(5)   Evacuate Collection Set: 4.7ms
[2024-05-25T17:02:06.202-0500][gc,phases   ] GC(5)   Post Evacuate Collection Set: 3.9ms
[2024-05-25T17:02:06.202-0500][gc,phases   ] GC(5)   Other: 0.6ms
[2024-05-25T17:02:06.202-0500][gc,heap     ] GC(5) Eden regions: 3->0(49)
[2024-05-25T17:02:06.202-0500][gc,heap     ] GC(5) Survivor regions: 1->2(7)
[2024-05-25T17:02:06.202-0500][gc,heap     ] GC(5) Old regions: 15->15
[2024-05-25T17:02:06.202-0500][gc,heap     ] GC(5) Humongous regions: 129->129
[2024-05-25T17:02:06.202-0500][gc,metaspace] GC(5) Metaspace: 36192K(36416K)->36192K(36416K) NonClass: 32192K(32320K)->32192K(32320K) Class: 3999K(4096K)->3999K(4096K)
[2024-05-25T17:02:06.202-0500][gc          ] GC(5) Pause Young (Concurrent Start) (Metadata GC Threshold) 146M->144M(1024M) 11.218ms
[2024-05-25T17:02:06.202-0500][gc,cpu      ] GC(5) User=0.01s Sys=0.00s Real=0.01s
[2024-05-25T17:02:06.202-0500][gc          ] GC(6) Concurrent Mark Cycle
[2024-05-25T17:02:06.202-0500][gc,marking  ] GC(6) Concurrent Scan Root Regions
[2024-05-25T17:02:06.204-0500][gc,marking  ] GC(6) Concurrent Scan Root Regions 1.445ms
[2024-05-25T17:02:06.204-0500][gc,marking  ] GC(6) Concurrent Mark
[2024-05-25T17:02:06.204-0500][gc,marking  ] GC(6) Concurrent Mark From Roots
[2024-05-25T17:02:06.204-0500][gc,task     ] GC(6) Using 1 workers of 1 for marking
[2024-05-25T17:02:06.229-0500][gc,marking  ] GC(6) Concurrent Mark From Roots 24.955ms
[2024-05-25T17:02:06.229-0500][gc,marking  ] GC(6) Concurrent Preclean
[2024-05-25T17:02:06.229-0500][gc,marking  ] GC(6) Concurrent Preclean 0.101ms
[2024-05-25T17:02:06.233-0500][gc,start    ] GC(6) Pause Remark
[2024-05-25T17:02:06.246-0500][gc          ] GC(6) Pause Remark 145M->145M(1024M) 12.237ms
[2024-05-25T17:02:06.246-0500][gc,cpu      ] GC(6) User=0.01s Sys=0.00s Real=0.02s
[2024-05-25T17:02:06.246-0500][gc,marking  ] GC(6) Concurrent Mark 42.531ms
[2024-05-25T17:02:06.246-0500][gc,marking  ] GC(6) Concurrent Rebuild Remembered Sets and Scrub Regions
[2024-05-25T17:02:06.257-0500][gc,marking  ] GC(6) Concurrent Rebuild Remembered Sets and Scrub Regions 11.118ms
[2024-05-25T17:02:06.259-0500][gc,start    ] GC(6) Pause Cleanup
[2024-05-25T17:02:06.260-0500][gc          ] GC(6) Pause Cleanup 145M->145M(1024M) 0.527ms
[2024-05-25T17:02:06.260-0500][gc,cpu      ] GC(6) User=0.00s Sys=0.00s Real=0.00s
[2024-05-25T17:02:06.260-0500][gc,marking  ] GC(6) Concurrent Clear Claimed Marks
[2024-05-25T17:02:06.260-0500][gc,marking  ] GC(6) Concurrent Clear Claimed Marks 0.062ms
[2024-05-25T17:02:06.260-0500][gc,marking  ] GC(6) Concurrent Cleanup for Next Mark
[2024-05-25T17:02:06.263-0500][gc,marking  ] GC(6) Concurrent Cleanup for Next Mark 3.236ms
[2024-05-25T17:02:06.263-0500][gc          ] GC(6) Concurrent Mark Cycle 61.191ms
[2024-05-25T17:24:50.347-0500][gc,start    ] GC(7) Pause Young (Prepare Mixed) (G1 Evacuation Pause)
[2024-05-25T17:24:50.347-0500][gc,task     ] GC(7) Using 5 workers of 5 for evacuation
[2024-05-25T17:24:50.374-0500][gc,mmu      ] GC(7) MMU target violated: 21.0ms (20.0ms/21.0ms)
[2024-05-25T17:24:50.374-0500][gc,phases   ] GC(7)   Pre Evacuate Collection Set: 10.8ms
[2024-05-25T17:24:50.374-0500][gc,phases   ] GC(7)   Merge Heap Roots: 0.9ms
[2024-05-25T17:24:50.374-0500][gc,phases   ] GC(7)   Evacuate Collection Set: 11.7ms
[2024-05-25T17:24:50.374-0500][gc,phases   ] GC(7)   Post Evacuate Collection Set: 3.3ms
[2024-05-25T17:24:50.374-0500][gc,phases   ] GC(7)   Other: 0.2ms
[2024-05-25T17:24:50.374-0500][gc,heap     ] GC(7) Eden regions: 49->0(46)
[2024-05-25T17:24:50.374-0500][gc,heap     ] GC(7) Survivor regions: 2->5(7)
[2024-05-25T17:24:50.374-0500][gc,heap     ] GC(7) Old regions: 15->15
[2024-05-25T17:24:50.374-0500][gc,heap     ] GC(7) Humongous regions: 129->129
[2024-05-25T17:24:50.374-0500][gc,metaspace] GC(7) Metaspace: 43802K(44224K)->43802K(44224K) NonClass: 38869K(39104K)->38869K(39104K) Class: 4933K(5120K)->4933K(5120K)
[2024-05-25T17:24:50.374-0500][gc          ] GC(7) Pause Young (Prepare Mixed) (G1 Evacuation Pause) 193M->147M(1024M) 27.166ms
[2024-05-25T17:24:50.374-0500][gc,cpu      ] GC(7) User=0.02s Sys=0.03s Real=0.02s
[2024-05-25T17:32:03.758-0500][gc,start    ] GC(8) Pause Young (Mixed) (G1 Evacuation Pause)
[2024-05-25T17:32:03.759-0500][gc,task     ] GC(8) Using 5 workers of 5 for evacuation
[2024-05-25T17:32:03.786-0500][gc,mmu      ] GC(8) MMU target violated: 21.0ms (20.0ms/21.0ms)
[2024-05-25T17:32:03.786-0500][gc,phases   ] GC(8)   Pre Evacuate Collection Set: 6.0ms
[2024-05-25T17:32:03.786-0500][gc,phases   ] GC(8)   Merge Heap Roots: 2.1ms
[2024-05-25T17:32:03.786-0500][gc,phases   ] GC(8)   Evacuate Collection Set: 15.5ms
[2024-05-25T17:32:03.786-0500][gc,phases   ] GC(8)   Post Evacuate Collection Set: 3.0ms
[2024-05-25T17:32:03.786-0500][gc,phases   ] GC(8)   Other: 0.5ms
[2024-05-25T17:32:03.786-0500][gc,heap     ] GC(8) Eden regions: 46->0(45)
[2024-05-25T17:32:03.786-0500][gc,heap     ] GC(8) Survivor regions: 5->6(7)
[2024-05-25T17:32:03.786-0500][gc,heap     ] GC(8) Old regions: 15->16
[2024-05-25T17:32:03.786-0500][gc,heap     ] GC(8) Humongous regions: 129->129
[2024-05-25T17:32:03.786-0500][gc,metaspace] GC(8) Metaspace: 48809K(49472K)->48809K(49472K) NonClass: 43143K(43520K)->43143K(43520K) Class: 5666K(5952K)->5666K(5952K)
[2024-05-25T17:32:03.786-0500][gc          ] GC(8) Pause Young (Mixed) (G1 Evacuation Pause) 193M->150M(1024M) 27.465ms
[2024-05-25T17:32:03.786-0500][gc,cpu      ] GC(8) User=0.01s Sys=0.05s Real=0.03s
