[2024-05-25T16:14:14.166-0500][gc,init] CardTable entry size: 512
[2024-05-25T16:14:14.166-0500][gc     ] Using G1
[2024-05-25T16:14:14.190-0500][gc,init] Version: 21.0.2+13-Debian-2 (release)
[2024-05-25T16:14:14.190-0500][gc,init] CPUs: 5 total, 5 available
[2024-05-25T16:14:14.190-0500][gc,init] Memory: 5094M
[2024-05-25T16:14:14.190-0500][gc,init] Large Page Support: Disabled
[2024-05-25T16:14:14.190-0500][gc,init] NUMA Support: Disabled
[2024-05-25T16:14:14.190-0500][gc,init] Compressed Oops: Enabled (32-bit)
[2024-05-25T16:14:14.190-0500][gc,init] Heap Region Size: 1M
[2024-05-25T16:14:14.190-0500][gc,init] Heap Min Capacity: 1G
[2024-05-25T16:14:14.190-0500][gc,init] Heap Initial Capacity: 1G
[2024-05-25T16:14:14.190-0500][gc,init] Heap Max Capacity: 1G
[2024-05-25T16:14:14.190-0500][gc,init] Pre-touch: Disabled
[2024-05-25T16:14:14.190-0500][gc,init] Parallel Workers: 5
[2024-05-25T16:14:14.190-0500][gc,init] Concurrent Workers: 1
[2024-05-25T16:14:14.190-0500][gc,init] Concurrent Refinement Workers: 5
[2024-05-25T16:14:14.190-0500][gc,init] Periodic GC: Disabled
[2024-05-25T16:14:14.200-0500][gc,metaspace] CDS archive(s) mapped at: [0x00007f1c23000000-0x00007f1c23ca6000-0x00007f1c23ca6000), size 13262848, SharedBaseAddress: 0x00007f1c23000000, ArchiveRelocationMode: 1.
[2024-05-25T16:14:14.200-0500][gc,metaspace] Compressed class space mapped at: 0x00007f1c24000000-0x00007f1c64000000, reserved size: 1073741824
[2024-05-25T16:14:14.200-0500][gc,metaspace] Narrow klass base: 0x00007f1c23000000, Narrow klass shift: 0, Narrow klass range: 0x100000000
[2024-05-25T16:14:16.531-0500][gc,start    ] GC(0) Pause Young (Normal) (G1 Evacuation Pause)
[2024-05-25T16:14:16.550-0500][gc,task     ] GC(0) Using 5 workers of 5 for evacuation
[2024-05-25T16:14:16.569-0500][gc,phases   ] GC(0)   Pre Evacuate Collection Set: 0.3ms
[2024-05-25T16:14:16.569-0500][gc,phases   ] GC(0)   Merge Heap Roots: 0.2ms
[2024-05-25T16:14:16.569-0500][gc,phases   ] GC(0)   Evacuate Collection Set: 16.4ms
[2024-05-25T16:14:16.569-0500][gc,phases   ] GC(0)   Post Evacuate Collection Set: 1.7ms
[2024-05-25T16:14:16.569-0500][gc,phases   ] GC(0)   Other: 19.8ms
[2024-05-25T16:14:16.569-0500][gc,heap     ] GC(0) Eden regions: 51->0(44)
[2024-05-25T16:14:16.569-0500][gc,heap     ] GC(0) Survivor regions: 0->7(7)
[2024-05-25T16:14:16.569-0500][gc,heap     ] GC(0) Old regions: 2->3
[2024-05-25T16:14:16.569-0500][gc,heap     ] GC(0) Humongous regions: 0->0
[2024-05-25T16:14:16.569-0500][gc,metaspace] GC(0) Metaspace: 18591K(18816K)->18591K(18816K) NonClass: 16477K(16576K)->16477K(16576K) Class: 2113K(2240K)->2113K(2240K)
[2024-05-25T16:14:16.569-0500][gc          ] GC(0) Pause Young (Normal) (G1 Evacuation Pause) 52M->8M(1024M) 38.567ms
[2024-05-25T16:14:16.569-0500][gc,cpu      ] GC(0) User=0.02s Sys=0.04s Real=0.06s
[2024-05-25T16:14:16.977-0500][gc,start    ] GC(1) Pause Young (Concurrent Start) (Metadata GC Threshold)
[2024-05-25T16:14:16.977-0500][gc,task     ] GC(1) Using 5 workers of 5 for evacuation
[2024-05-25T16:14:17.009-0500][gc,mmu      ] GC(1) MMU target violated: 21.0ms (20.0ms/21.0ms)
[2024-05-25T16:14:17.009-0500][gc,phases   ] GC(1)   Pre Evacuate Collection Set: 0.6ms
[2024-05-25T16:14:17.009-0500][gc,phases   ] GC(1)   Merge Heap Roots: 0.5ms
[2024-05-25T16:14:17.009-0500][gc,phases   ] GC(1)   Evacuate Collection Set: 27.8ms
[2024-05-25T16:14:17.009-0500][gc,phases   ] GC(1)   Post Evacuate Collection Set: 2.5ms
[2024-05-25T16:14:17.009-0500][gc,phases   ] GC(1)   Other: 0.6ms
[2024-05-25T16:14:17.009-0500][gc,heap     ] GC(1) Eden regions: 12->0(49)
[2024-05-25T16:14:17.009-0500][gc,heap     ] GC(1) Survivor regions: 7->2(7)
[2024-05-25T16:14:17.009-0500][gc,heap     ] GC(1) Old regions: 3->11
[2024-05-25T16:14:17.009-0500][gc,heap     ] GC(1) Humongous regions: 0->0
[2024-05-25T16:14:17.009-0500][gc,metaspace] GC(1) Metaspace: 21340K(21504K)->21340K(21504K) NonClass: 18878K(18944K)->18878K(18944K) Class: 2462K(2560K)->2462K(2560K)
[2024-05-25T16:14:17.009-0500][gc          ] GC(1) Pause Young (Concurrent Start) (Metadata GC Threshold) 20M->10M(1024M) 32.162ms
[2024-05-25T16:14:17.009-0500][gc,cpu      ] GC(1) User=0.04s Sys=0.01s Real=0.03s
[2024-05-25T16:14:17.009-0500][gc          ] GC(2) Concurrent Mark Cycle
[2024-05-25T16:14:17.009-0500][gc,marking  ] GC(2) Concurrent Scan Root Regions
[2024-05-25T16:14:17.027-0500][gc,marking  ] GC(2) Concurrent Scan Root Regions 18.068ms
[2024-05-25T16:14:17.027-0500][gc,marking  ] GC(2) Concurrent Mark
[2024-05-25T16:14:17.027-0500][gc,marking  ] GC(2) Concurrent Mark From Roots
[2024-05-25T16:14:17.028-0500][gc,task     ] GC(2) Using 1 workers of 1 for marking
[2024-05-25T16:14:17.037-0500][gc,marking  ] GC(2) Concurrent Mark From Roots 9.613ms
[2024-05-25T16:14:17.037-0500][gc,marking  ] GC(2) Concurrent Preclean
[2024-05-25T16:14:17.037-0500][gc,marking  ] GC(2) Concurrent Preclean 0.008ms
[2024-05-25T16:14:17.039-0500][gc,start    ] GC(2) Pause Remark
[2024-05-25T16:14:17.044-0500][gc          ] GC(2) Pause Remark 11M->11M(1024M) 5.311ms
[2024-05-25T16:14:17.044-0500][gc,cpu      ] GC(2) User=0.00s Sys=0.01s Real=0.01s
[2024-05-25T16:14:17.045-0500][gc,marking  ] GC(2) Concurrent Mark 17.161ms
[2024-05-25T16:14:17.045-0500][gc,marking  ] GC(2) Concurrent Rebuild Remembered Sets and Scrub Regions
[2024-05-25T16:14:17.049-0500][gc,marking  ] GC(2) Concurrent Rebuild Remembered Sets and Scrub Regions 4.753ms
[2024-05-25T16:14:17.052-0500][gc,start    ] GC(2) Pause Cleanup
[2024-05-25T16:14:17.053-0500][gc          ] GC(2) Pause Cleanup 11M->11M(1024M) 1.395ms
[2024-05-25T16:14:17.053-0500][gc,cpu      ] GC(2) User=0.00s Sys=0.00s Real=0.00s
[2024-05-25T16:14:17.054-0500][gc,marking  ] GC(2) Concurrent Clear Claimed Marks
[2024-05-25T16:14:17.054-0500][gc,marking  ] GC(2) Concurrent Clear Claimed Marks 0.055ms
[2024-05-25T16:14:17.054-0500][gc,marking  ] GC(2) Concurrent Cleanup for Next Mark
[2024-05-25T16:14:17.060-0500][gc,marking  ] GC(2) Concurrent Cleanup for Next Mark 5.333ms
[2024-05-25T16:14:17.060-0500][gc          ] GC(2) Concurrent Mark Cycle 50.484ms
[2024-05-25T16:14:17.863-0500][gc,heap,exit] Heap
[2024-05-25T16:14:17.864-0500][gc,heap,exit]  garbage-first heap   total 1048576K, used 155002K [0x00000000c0000000, 0x0000000100000000)
[2024-05-25T16:14:17.864-0500][gc,heap,exit]   region size 1024K, 14 young (14336K), 2 survivors (2048K)
[2024-05-25T16:14:17.864-0500][gc,heap,exit]  Metaspace       used 23751K, committed 24064K, reserved 1114112K
[2024-05-25T16:14:17.864-0500][gc,heap,exit]   class space    used 2816K, committed 2944K, reserved 1048576K
