[2024-05-25T16:14:06.753-0500][gc,init] CardTable entry size: 512
[2024-05-25T16:14:06.754-0500][gc     ] Using G1
[2024-05-25T16:14:06.772-0500][gc,init] Version: 21.0.2+13-Debian-2 (release)
[2024-05-25T16:14:06.772-0500][gc,init] CPUs: 5 total, 5 available
[2024-05-25T16:14:06.772-0500][gc,init] Memory: 5094M
[2024-05-25T16:14:06.772-0500][gc,init] Large Page Support: Disabled
[2024-05-25T16:14:06.772-0500][gc,init] NUMA Support: Disabled
[2024-05-25T16:14:06.772-0500][gc,init] Compressed Oops: Enabled (32-bit)
[2024-05-25T16:14:06.772-0500][gc,init] Heap Region Size: 1M
[2024-05-25T16:14:06.772-0500][gc,init] Heap Min Capacity: 1G
[2024-05-25T16:14:06.772-0500][gc,init] Heap Initial Capacity: 1G
[2024-05-25T16:14:06.772-0500][gc,init] Heap Max Capacity: 1G
[2024-05-25T16:14:06.772-0500][gc,init] Pre-touch: Disabled
[2024-05-25T16:14:06.772-0500][gc,init] Parallel Workers: 5
[2024-05-25T16:14:06.772-0500][gc,init] Concurrent Workers: 1
[2024-05-25T16:14:06.772-0500][gc,init] Concurrent Refinement Workers: 5
[2024-05-25T16:14:06.772-0500][gc,init] Periodic GC: Disabled
[2024-05-25T16:14:06.783-0500][gc,metaspace] CDS archive(s) mapped at: [0x00007fa07f000000-0x00007fa07fca6000-0x00007fa07fca6000), size 13262848, SharedBaseAddress: 0x00007fa07f000000, ArchiveRelocationMode: 1.
[2024-05-25T16:14:06.783-0500][gc,metaspace] Compressed class space mapped at: 0x00007fa080000000-0x00007fa0c0000000, reserved size: 1073741824
[2024-05-25T16:14:06.783-0500][gc,metaspace] Narrow klass base: 0x00007fa07f000000, Narrow klass shift: 0, Narrow klass range: 0x100000000
[2024-05-25T16:14:08.888-0500][gc,start    ] GC(0) Pause Young (Normal) (G1 Evacuation Pause)
[2024-05-25T16:14:08.892-0500][gc,task     ] GC(0) Using 5 workers of 5 for evacuation
[2024-05-25T16:14:08.921-0500][gc,mmu      ] GC(0) MMU target violated: 21.0ms (20.0ms/21.0ms)
[2024-05-25T16:14:08.921-0500][gc,phases   ] GC(0)   Pre Evacuate Collection Set: 0.7ms
[2024-05-25T16:14:08.921-0500][gc,phases   ] GC(0)   Merge Heap Roots: 0.7ms
[2024-05-25T16:14:08.921-0500][gc,phases   ] GC(0)   Evacuate Collection Set: 20.7ms
[2024-05-25T16:14:08.921-0500][gc,phases   ] GC(0)   Post Evacuate Collection Set: 6.9ms
[2024-05-25T16:14:08.921-0500][gc,phases   ] GC(0)   Other: 4.1ms
[2024-05-25T16:14:08.921-0500][gc,heap     ] GC(0) Eden regions: 51->0(44)
[2024-05-25T16:14:08.921-0500][gc,heap     ] GC(0) Survivor regions: 0->7(7)
[2024-05-25T16:14:08.921-0500][gc,heap     ] GC(0) Old regions: 2->3
[2024-05-25T16:14:08.921-0500][gc,heap     ] GC(0) Humongous regions: 0->0
[2024-05-25T16:14:08.921-0500][gc,metaspace] GC(0) Metaspace: 18612K(18816K)->18612K(18816K) NonClass: 16497K(16576K)->16497K(16576K) Class: 2114K(2240K)->2114K(2240K)
[2024-05-25T16:14:08.921-0500][gc          ] GC(0) Pause Young (Normal) (G1 Evacuation Pause) 52M->8M(1024M) 33.362ms
[2024-05-25T16:14:08.921-0500][gc,cpu      ] GC(0) User=0.05s Sys=0.04s Real=0.03s
[2024-05-25T16:14:09.305-0500][gc,start    ] GC(1) Pause Young (Concurrent Start) (Metadata GC Threshold)
[2024-05-25T16:14:09.305-0500][gc,task     ] GC(1) Using 5 workers of 5 for evacuation
[2024-05-25T16:14:09.334-0500][gc,mmu      ] GC(1) MMU target violated: 21.0ms (20.0ms/21.0ms)
[2024-05-25T16:14:09.334-0500][gc,phases   ] GC(1)   Pre Evacuate Collection Set: 6.9ms
[2024-05-25T16:14:09.334-0500][gc,phases   ] GC(1)   Merge Heap Roots: 4.3ms
[2024-05-25T16:14:09.334-0500][gc,phases   ] GC(1)   Evacuate Collection Set: 14.6ms
[2024-05-25T16:14:09.334-0500][gc,phases   ] GC(1)   Post Evacuate Collection Set: 1.6ms
[2024-05-25T16:14:09.334-0500][gc,phases   ] GC(1)   Other: 1.7ms
[2024-05-25T16:14:09.334-0500][gc,heap     ] GC(1) Eden regions: 12->0(50)
[2024-05-25T16:14:09.334-0500][gc,heap     ] GC(1) Survivor regions: 7->1(7)
[2024-05-25T16:14:09.334-0500][gc,heap     ] GC(1) Old regions: 3->10
[2024-05-25T16:14:09.334-0500][gc,heap     ] GC(1) Humongous regions: 0->0
[2024-05-25T16:14:09.334-0500][gc,metaspace] GC(1) Metaspace: 21267K(21504K)->21267K(21504K) NonClass: 18805K(18944K)->18805K(18944K) Class: 2462K(2560K)->2462K(2560K)
[2024-05-25T16:14:09.334-0500][gc          ] GC(1) Pause Young (Concurrent Start) (Metadata GC Threshold) 20M->9M(1024M) 29.208ms
[2024-05-25T16:14:09.334-0500][gc,cpu      ] GC(1) User=0.04s Sys=0.03s Real=0.03s
[2024-05-25T16:14:09.334-0500][gc          ] GC(2) Concurrent Mark Cycle
[2024-05-25T16:14:09.334-0500][gc,marking  ] GC(2) Concurrent Scan Root Regions
[2024-05-25T16:14:09.339-0500][gc,marking  ] GC(2) Concurrent Scan Root Regions 4.423ms
[2024-05-25T16:14:09.339-0500][gc,marking  ] GC(2) Concurrent Mark
[2024-05-25T16:14:09.339-0500][gc,marking  ] GC(2) Concurrent Mark From Roots
[2024-05-25T16:14:09.339-0500][gc,task     ] GC(2) Using 1 workers of 1 for marking
[2024-05-25T16:14:09.341-0500][gc,marking  ] GC(2) Concurrent Mark From Roots 2.352ms
[2024-05-25T16:14:09.341-0500][gc,marking  ] GC(2) Concurrent Preclean
[2024-05-25T16:14:09.341-0500][gc,marking  ] GC(2) Concurrent Preclean 0.007ms
[2024-05-25T16:14:09.342-0500][gc,start    ] GC(2) Pause Remark
[2024-05-25T16:14:09.347-0500][gc          ] GC(2) Pause Remark 10M->10M(1024M) 5.400ms
[2024-05-25T16:14:09.348-0500][gc,cpu      ] GC(2) User=0.00s Sys=0.01s Real=0.01s
[2024-05-25T16:14:09.348-0500][gc,marking  ] GC(2) Concurrent Mark 8.920ms
[2024-05-25T16:14:09.348-0500][gc,marking  ] GC(2) Concurrent Rebuild Remembered Sets and Scrub Regions
[2024-05-25T16:14:09.353-0500][gc,marking  ] GC(2) Concurrent Rebuild Remembered Sets and Scrub Regions 5.272ms
[2024-05-25T16:14:09.354-0500][gc,start    ] GC(2) Pause Cleanup
[2024-05-25T16:14:09.359-0500][gc          ] GC(2) Pause Cleanup 10M->10M(1024M) 5.456ms
[2024-05-25T16:14:09.359-0500][gc,cpu      ] GC(2) User=0.01s Sys=0.00s Real=0.01s
[2024-05-25T16:14:09.360-0500][gc,marking  ] GC(2) Concurrent Clear Claimed Marks
[2024-05-25T16:14:09.360-0500][gc,marking  ] GC(2) Concurrent Clear Claimed Marks 0.036ms
[2024-05-25T16:14:09.360-0500][gc,marking  ] GC(2) Concurrent Cleanup for Next Mark
[2024-05-25T16:14:09.369-0500][gc,marking  ] GC(2) Concurrent Cleanup for Next Mark 9.603ms
[2024-05-25T16:14:09.369-0500][gc          ] GC(2) Concurrent Mark Cycle 35.046ms
[2024-05-25T16:14:10.232-0500][gc,heap,exit] Heap
[2024-05-25T16:14:10.232-0500][gc,heap,exit]  garbage-first heap   total 1048576K, used 154984K [0x00000000c0000000, 0x0000000100000000)
[2024-05-25T16:14:10.232-0500][gc,heap,exit]   region size 1024K, 14 young (14336K), 1 survivors (1024K)
[2024-05-25T16:14:10.232-0500][gc,heap,exit]  Metaspace       used 23776K, committed 24064K, reserved 1114112K
[2024-05-25T16:14:10.232-0500][gc,heap,exit]   class space    used 2817K, committed 2944K, reserved 1048576K
