[2024-05-25T16:08:18.134-0500][gc,init] CardTable entry size: 512
[2024-05-25T16:08:18.135-0500][gc     ] Using G1
[2024-05-25T16:08:18.174-0500][gc,init] Version: 21.0.2+13-Debian-2 (release)
[2024-05-25T16:08:18.174-0500][gc,init] CPUs: 5 total, 5 available
[2024-05-25T16:08:18.174-0500][gc,init] Memory: 5094M
[2024-05-25T16:08:18.174-0500][gc,init] Large Page Support: Disabled
[2024-05-25T16:08:18.174-0500][gc,init] NUMA Support: Disabled
[2024-05-25T16:08:18.174-0500][gc,init] Compressed Oops: Enabled (32-bit)
[2024-05-25T16:08:18.174-0500][gc,init] Heap Region Size: 1M
[2024-05-25T16:08:18.174-0500][gc,init] Heap Min Capacity: 1G
[2024-05-25T16:08:18.174-0500][gc,init] Heap Initial Capacity: 1G
[2024-05-25T16:08:18.174-0500][gc,init] Heap Max Capacity: 1G
[2024-05-25T16:08:18.174-0500][gc,init] Pre-touch: Disabled
[2024-05-25T16:08:18.174-0500][gc,init] Parallel Workers: 5
[2024-05-25T16:08:18.174-0500][gc,init] Concurrent Workers: 1
[2024-05-25T16:08:18.174-0500][gc,init] Concurrent Refinement Workers: 5
[2024-05-25T16:08:18.174-0500][gc,init] Periodic GC: Disabled
[2024-05-25T16:08:18.189-0500][gc,metaspace] CDS archive(s) mapped at: [0x00007f0dcb000000-0x00007f0dcbca6000-0x00007f0dcbca6000), size 13262848, SharedBaseAddress: 0x00007f0dcb000000, ArchiveRelocationMode: 1.
[2024-05-25T16:08:18.189-0500][gc,metaspace] Compressed class space mapped at: 0x00007f0dcc000000-0x00007f0e0c000000, reserved size: 1073741824
[2024-05-25T16:08:18.189-0500][gc,metaspace] Narrow klass base: 0x00007f0dcb000000, Narrow klass shift: 0, Narrow klass range: 0x100000000
[2024-05-25T16:08:20.985-0500][gc,start    ] GC(0) Pause Young (Normal) (G1 Evacuation Pause)
[2024-05-25T16:08:20.994-0500][gc,task     ] GC(0) Using 5 workers of 5 for evacuation
[2024-05-25T16:08:21.019-0500][gc,mmu      ] GC(0) MMU target violated: 21.0ms (20.0ms/21.0ms)
[2024-05-25T16:08:21.019-0500][gc,phases   ] GC(0)   Pre Evacuate Collection Set: 1.4ms
[2024-05-25T16:08:21.019-0500][gc,phases   ] GC(0)   Merge Heap Roots: 1.6ms
[2024-05-25T16:08:21.019-0500][gc,phases   ] GC(0)   Evacuate Collection Set: 15.4ms
[2024-05-25T16:08:21.019-0500][gc,phases   ] GC(0)   Post Evacuate Collection Set: 6.5ms
[2024-05-25T16:08:21.019-0500][gc,phases   ] GC(0)   Other: 8.7ms
[2024-05-25T16:08:21.019-0500][gc,heap     ] GC(0) Eden regions: 51->0(44)
[2024-05-25T16:08:21.019-0500][gc,heap     ] GC(0) Survivor regions: 0->7(7)
[2024-05-25T16:08:21.019-0500][gc,heap     ] GC(0) Old regions: 2->3
[2024-05-25T16:08:21.019-0500][gc,heap     ] GC(0) Humongous regions: 0->0
[2024-05-25T16:08:21.019-0500][gc,metaspace] GC(0) Metaspace: 18275K(18496K)->18275K(18496K) NonClass: 16200K(16320K)->16200K(16320K) Class: 2075K(2176K)->2075K(2176K)
[2024-05-25T16:08:21.019-0500][gc          ] GC(0) Pause Young (Normal) (G1 Evacuation Pause) 52M->8M(1024M) 33.839ms
[2024-05-25T16:08:21.019-0500][gc,cpu      ] GC(0) User=0.05s Sys=0.04s Real=0.03s
[2024-05-25T16:08:21.472-0500][gc,start    ] GC(1) Pause Young (Concurrent Start) (Metadata GC Threshold)
[2024-05-25T16:08:21.473-0500][gc,task     ] GC(1) Using 5 workers of 5 for evacuation
[2024-05-25T16:08:21.492-0500][gc,phases   ] GC(1)   Pre Evacuate Collection Set: 0.7ms
[2024-05-25T16:08:21.492-0500][gc,phases   ] GC(1)   Merge Heap Roots: 4.7ms
[2024-05-25T16:08:21.492-0500][gc,phases   ] GC(1)   Evacuate Collection Set: 10.9ms
[2024-05-25T16:08:21.492-0500][gc,phases   ] GC(1)   Post Evacuate Collection Set: 2.7ms
[2024-05-25T16:08:21.492-0500][gc,phases   ] GC(1)   Other: 0.4ms
[2024-05-25T16:08:21.492-0500][gc,heap     ] GC(1) Eden regions: 13->0(50)
[2024-05-25T16:08:21.492-0500][gc,heap     ] GC(1) Survivor regions: 7->1(7)
[2024-05-25T16:08:21.492-0500][gc,heap     ] GC(1) Old regions: 3->10
[2024-05-25T16:08:21.492-0500][gc,heap     ] GC(1) Humongous regions: 0->0
[2024-05-25T16:08:21.492-0500][gc,metaspace] GC(1) Metaspace: 21329K(21504K)->21329K(21504K) NonClass: 18866K(18944K)->18866K(18944K) Class: 2462K(2560K)->2462K(2560K)
[2024-05-25T16:08:21.492-0500][gc          ] GC(1) Pause Young (Concurrent Start) (Metadata GC Threshold) 21M->10M(1024M) 19.672ms
[2024-05-25T16:08:21.492-0500][gc,cpu      ] GC(1) User=0.01s Sys=0.03s Real=0.02s
[2024-05-25T16:08:21.493-0500][gc          ] GC(2) Concurrent Mark Cycle
[2024-05-25T16:08:21.493-0500][gc,marking  ] GC(2) Concurrent Scan Root Regions
[2024-05-25T16:08:21.498-0500][gc,marking  ] GC(2) Concurrent Scan Root Regions 5.115ms
[2024-05-25T16:08:21.498-0500][gc,marking  ] GC(2) Concurrent Mark
[2024-05-25T16:08:21.498-0500][gc,marking  ] GC(2) Concurrent Mark From Roots
[2024-05-25T16:08:21.498-0500][gc,task     ] GC(2) Using 1 workers of 1 for marking
[2024-05-25T16:08:21.503-0500][gc,marking  ] GC(2) Concurrent Mark From Roots 4.195ms
[2024-05-25T16:08:21.503-0500][gc,marking  ] GC(2) Concurrent Preclean
[2024-05-25T16:08:21.503-0500][gc,marking  ] GC(2) Concurrent Preclean 0.008ms
[2024-05-25T16:08:21.503-0500][gc,start    ] GC(2) Pause Remark
[2024-05-25T16:08:21.509-0500][gc          ] GC(2) Pause Remark 10M->10M(1024M) 6.269ms
[2024-05-25T16:08:21.510-0500][gc,cpu      ] GC(2) User=0.01s Sys=0.00s Real=0.00s
[2024-05-25T16:08:21.510-0500][gc,marking  ] GC(2) Concurrent Mark 11.507ms
[2024-05-25T16:08:21.510-0500][gc,marking  ] GC(2) Concurrent Rebuild Remembered Sets and Scrub Regions
[2024-05-25T16:08:21.514-0500][gc,marking  ] GC(2) Concurrent Rebuild Remembered Sets and Scrub Regions 3.953ms
[2024-05-25T16:08:21.515-0500][gc,start    ] GC(2) Pause Cleanup
[2024-05-25T16:08:21.516-0500][gc          ] GC(2) Pause Cleanup 10M->10M(1024M) 0.806ms
[2024-05-25T16:08:21.516-0500][gc,cpu      ] GC(2) User=0.01s Sys=0.00s Real=0.01s
[2024-05-25T16:08:21.516-0500][gc,marking  ] GC(2) Concurrent Clear Claimed Marks
[2024-05-25T16:08:21.516-0500][gc,marking  ] GC(2) Concurrent Clear Claimed Marks 0.070ms
[2024-05-25T16:08:21.516-0500][gc,marking  ] GC(2) Concurrent Cleanup for Next Mark
[2024-05-25T16:08:21.529-0500][gc,marking  ] GC(2) Concurrent Cleanup for Next Mark 12.637ms
[2024-05-25T16:08:21.529-0500][gc          ] GC(2) Concurrent Mark Cycle 35.634ms
[2024-05-25T16:08:22.406-0500][gc,heap,exit] Heap
[2024-05-25T16:08:22.406-0500][gc,heap,exit]  garbage-first heap   total 1048576K, used 154948K [0x00000000c0000000, 0x0000000100000000)
[2024-05-25T16:08:22.406-0500][gc,heap,exit]   region size 1024K, 14 young (14336K), 1 survivors (1024K)
[2024-05-25T16:08:22.406-0500][gc,heap,exit]  Metaspace       used 23771K, committed 24064K, reserved 1114112K
[2024-05-25T16:08:22.406-0500][gc,heap,exit]   class space    used 2817K, committed 2944K, reserved 1048576K
