[2024-05-29T18:08:47.940-0500][gc,init] CardTable entry size: 512
[2024-05-29T18:08:47.941-0500][gc     ] Using G1
[2024-05-29T18:08:47.974-0500][gc,init] Version: 21.0.2+13-Debian-2 (release)
[2024-05-29T18:08:47.974-0500][gc,init] CPUs: 5 total, 5 available
[2024-05-29T18:08:47.975-0500][gc,init] Memory: 5094M
[2024-05-29T18:08:47.975-0500][gc,init] Large Page Support: Disabled
[2024-05-29T18:08:47.975-0500][gc,init] NUMA Support: Disabled
[2024-05-29T18:08:47.975-0500][gc,init] Compressed Oops: Enabled (32-bit)
[2024-05-29T18:08:47.975-0500][gc,init] Heap Region Size: 1M
[2024-05-29T18:08:47.975-0500][gc,init] Heap Min Capacity: 1G
[2024-05-29T18:08:47.975-0500][gc,init] Heap Initial Capacity: 1G
[2024-05-29T18:08:47.975-0500][gc,init] Heap Max Capacity: 1G
[2024-05-29T18:08:47.975-0500][gc,init] Pre-touch: Disabled
[2024-05-29T18:08:47.975-0500][gc,init] Parallel Workers: 5
[2024-05-29T18:08:47.975-0500][gc,init] Concurrent Workers: 1
[2024-05-29T18:08:47.975-0500][gc,init] Concurrent Refinement Workers: 5
[2024-05-29T18:08:47.975-0500][gc,init] Periodic GC: Disabled
[2024-05-29T18:08:47.996-0500][gc,metaspace] CDS archive(s) mapped at: [0x00007f2dfb000000-0x00007f2dfbca6000-0x00007f2dfbca6000), size 13262848, SharedBaseAddress: 0x00007f2dfb000000, ArchiveRelocationMode: 1.
[2024-05-29T18:08:47.996-0500][gc,metaspace] Compressed class space mapped at: 0x00007f2dfc000000-0x00007f2e3c000000, reserved size: 1073741824
[2024-05-29T18:08:47.996-0500][gc,metaspace] Narrow klass base: 0x00007f2dfb000000, Narrow klass shift: 0, Narrow klass range: 0x100000000
[2024-05-29T18:08:52.190-0500][gc,start    ] GC(0) Pause Young (Normal) (G1 Evacuation Pause)
[2024-05-29T18:08:52.198-0500][gc,task     ] GC(0) Using 5 workers of 5 for evacuation
[2024-05-29T18:08:52.254-0500][gc,mmu      ] GC(0) MMU target violated: 21.0ms (20.0ms/21.0ms)
[2024-05-29T18:08:52.254-0500][gc,phases   ] GC(0)   Pre Evacuate Collection Set: 2.4ms
[2024-05-29T18:08:52.254-0500][gc,phases   ] GC(0)   Merge Heap Roots: 0.6ms
[2024-05-29T18:08:52.254-0500][gc,phases   ] GC(0)   Evacuate Collection Set: 48.8ms
[2024-05-29T18:08:52.254-0500][gc,phases   ] GC(0)   Post Evacuate Collection Set: 3.7ms
[2024-05-29T18:08:52.254-0500][gc,phases   ] GC(0)   Other: 8.2ms
[2024-05-29T18:08:52.254-0500][gc,heap     ] GC(0) Eden regions: 51->0(44)
[2024-05-29T18:08:52.254-0500][gc,heap     ] GC(0) Survivor regions: 0->7(7)
[2024-05-29T18:08:52.254-0500][gc,heap     ] GC(0) Old regions: 2->3
[2024-05-29T18:08:52.254-0500][gc,heap     ] GC(0) Humongous regions: 0->0
[2024-05-29T18:08:52.254-0500][gc,metaspace] GC(0) Metaspace: 18616K(18816K)->18616K(18816K) NonClass: 16501K(16576K)->16501K(16576K) Class: 2115K(2240K)->2115K(2240K)
[2024-05-29T18:08:52.254-0500][gc          ] GC(0) Pause Young (Normal) (G1 Evacuation Pause) 52M->8M(1024M) 64.071ms
[2024-05-29T18:08:52.254-0500][gc,cpu      ] GC(0) User=0.03s Sys=0.16s Real=0.06s
[2024-05-29T18:08:53.001-0500][gc,start    ] GC(1) Pause Young (Concurrent Start) (Metadata GC Threshold)
[2024-05-29T18:08:53.001-0500][gc,task     ] GC(1) Using 5 workers of 5 for evacuation
[2024-05-29T18:08:53.123-0500][gc,mmu      ] GC(1) MMU target violated: 21.0ms (20.0ms/21.0ms)
[2024-05-29T18:08:53.124-0500][gc,phases   ] GC(1)   Pre Evacuate Collection Set: 2.9ms
[2024-05-29T18:08:53.124-0500][gc,phases   ] GC(1)   Merge Heap Roots: 0.2ms
[2024-05-29T18:08:53.124-0500][gc,phases   ] GC(1)   Evacuate Collection Set: 56.3ms
[2024-05-29T18:08:53.124-0500][gc,phases   ] GC(1)   Post Evacuate Collection Set: 63.1ms
[2024-05-29T18:08:53.124-0500][gc,phases   ] GC(1)   Other: 0.4ms
[2024-05-29T18:08:53.124-0500][gc,heap     ] GC(1) Eden regions: 12->0(50)
[2024-05-29T18:08:53.124-0500][gc,heap     ] GC(1) Survivor regions: 7->1(7)
[2024-05-29T18:08:53.124-0500][gc,heap     ] GC(1) Old regions: 3->11
[2024-05-29T18:08:53.124-0500][gc,heap     ] GC(1) Humongous regions: 0->0
[2024-05-29T18:08:53.124-0500][gc,metaspace] GC(1) Metaspace: 21295K(21504K)->21295K(21504K) NonClass: 18832K(18944K)->18832K(18944K) Class: 2463K(2560K)->2463K(2560K)
[2024-05-29T18:08:53.124-0500][gc          ] GC(1) Pause Young (Concurrent Start) (Metadata GC Threshold) 20M->10M(1024M) 123.086ms
[2024-05-29T18:08:53.124-0500][gc,cpu      ] GC(1) User=0.05s Sys=0.14s Real=0.12s
[2024-05-29T18:08:53.124-0500][gc          ] GC(2) Concurrent Mark Cycle
[2024-05-29T18:08:53.124-0500][gc,marking  ] GC(2) Concurrent Scan Root Regions
[2024-05-29T18:08:53.139-0500][gc,marking  ] GC(2) Concurrent Scan Root Regions 15.265ms
[2024-05-29T18:08:53.139-0500][gc,marking  ] GC(2) Concurrent Mark
[2024-05-29T18:08:53.139-0500][gc,marking  ] GC(2) Concurrent Mark From Roots
[2024-05-29T18:08:53.139-0500][gc,task     ] GC(2) Using 1 workers of 1 for marking
[2024-05-29T18:08:53.144-0500][gc,marking  ] GC(2) Concurrent Mark From Roots 4.959ms
[2024-05-29T18:08:53.144-0500][gc,marking  ] GC(2) Concurrent Preclean
[2024-05-29T18:08:53.144-0500][gc,marking  ] GC(2) Concurrent Preclean 0.011ms
[2024-05-29T18:08:53.145-0500][gc,start    ] GC(2) Pause Remark
[2024-05-29T18:08:53.158-0500][gc          ] GC(2) Pause Remark 10M->10M(1024M) 12.815ms
[2024-05-29T18:08:53.158-0500][gc,cpu      ] GC(2) User=0.00s Sys=0.01s Real=0.02s
[2024-05-29T18:08:53.158-0500][gc,marking  ] GC(2) Concurrent Mark 19.167ms
[2024-05-29T18:08:53.158-0500][gc,marking  ] GC(2) Concurrent Rebuild Remembered Sets and Scrub Regions
[2024-05-29T18:08:53.165-0500][gc,marking  ] GC(2) Concurrent Rebuild Remembered Sets and Scrub Regions 7.005ms
[2024-05-29T18:08:53.168-0500][gc,start    ] GC(2) Pause Cleanup
[2024-05-29T18:08:53.169-0500][gc          ] GC(2) Pause Cleanup 10M->10M(1024M) 1.748ms
[2024-05-29T18:08:53.170-0500][gc,cpu      ] GC(2) User=0.00s Sys=0.00s Real=0.01s
[2024-05-29T18:08:53.170-0500][gc,marking  ] GC(2) Concurrent Clear Claimed Marks
[2024-05-29T18:08:53.170-0500][gc,marking  ] GC(2) Concurrent Clear Claimed Marks 0.040ms
[2024-05-29T18:08:53.170-0500][gc,marking  ] GC(2) Concurrent Cleanup for Next Mark
[2024-05-29T18:08:53.778-0500][gc,marking  ] GC(2) Concurrent Cleanup for Next Mark 608.248ms
[2024-05-29T18:08:53.778-0500][gc          ] GC(2) Concurrent Mark Cycle 654.393ms
[2024-05-29T18:08:57.355-0500][gc,start    ] GC(3) Pause Young (Prepare Mixed) (Metadata GC Threshold)
[2024-05-29T18:08:57.355-0500][gc,task     ] GC(3) Using 5 workers of 5 for evacuation
[2024-05-29T18:08:57.409-0500][gc,mmu      ] GC(3) MMU target violated: 21.0ms (20.0ms/21.0ms)
[2024-05-29T18:08:57.409-0500][gc,phases   ] GC(3)   Pre Evacuate Collection Set: 1.1ms
[2024-05-29T18:08:57.409-0500][gc,phases   ] GC(3)   Merge Heap Roots: 0.3ms
[2024-05-29T18:08:57.409-0500][gc,phases   ] GC(3)   Evacuate Collection Set: 24.3ms
[2024-05-29T18:08:57.409-0500][gc,phases   ] GC(3)   Post Evacuate Collection Set: 28.6ms
[2024-05-29T18:08:57.409-0500][gc,phases   ] GC(3)   Other: 0.2ms
[2024-05-29T18:08:57.409-0500][gc,heap     ] GC(3) Eden regions: 49->0(45)
[2024-05-29T18:08:57.409-0500][gc,heap     ] GC(3) Survivor regions: 1->6(7)
[2024-05-29T18:08:57.409-0500][gc,heap     ] GC(3) Old regions: 11->11
[2024-05-29T18:08:57.409-0500][gc,heap     ] GC(3) Humongous regions: 129->129
[2024-05-29T18:08:57.409-0500][gc,metaspace] GC(3) Metaspace: 35748K(36096K)->35748K(36096K) NonClass: 31762K(32000K)->31762K(32000K) Class: 3985K(4096K)->3985K(4096K)
[2024-05-29T18:08:57.409-0500][gc          ] GC(3) Pause Young (Prepare Mixed) (Metadata GC Threshold) 187M->143M(1024M) 54.710ms
[2024-05-29T18:08:57.409-0500][gc,cpu      ] GC(3) User=0.22s Sys=0.13s Real=0.06s
[2024-05-29T18:08:58.501-0500][gc,start    ] GC(4) Pause Young (Mixed) (Metadata GC Threshold)
[2024-05-29T18:08:58.501-0500][gc,task     ] GC(4) Using 5 workers of 5 for evacuation
[2024-05-29T18:08:58.538-0500][gc,mmu      ] GC(4) MMU target violated: 21.0ms (20.0ms/21.0ms)
[2024-05-29T18:08:58.538-0500][gc,phases   ] GC(4)   Pre Evacuate Collection Set: 4.7ms
[2024-05-29T18:08:58.538-0500][gc,phases   ] GC(4)   Merge Heap Roots: 0.4ms
[2024-05-29T18:08:58.538-0500][gc,phases   ] GC(4)   Evacuate Collection Set: 27.5ms
[2024-05-29T18:08:58.538-0500][gc,phases   ] GC(4)   Post Evacuate Collection Set: 3.8ms
[2024-05-29T18:08:58.538-0500][gc,phases   ] GC(4)   Other: 0.2ms
[2024-05-29T18:08:58.538-0500][gc,heap     ] GC(4) Eden regions: 16->0(50)
[2024-05-29T18:08:58.538-0500][gc,heap     ] GC(4) Survivor regions: 6->1(7)
[2024-05-29T18:08:58.538-0500][gc,heap     ] GC(4) Old regions: 11->15
[2024-05-29T18:08:58.538-0500][gc,heap     ] GC(4) Humongous regions: 129->129
[2024-05-29T18:08:58.538-0500][gc,metaspace] GC(4) Metaspace: 36055K(36416K)->36055K(36416K) NonClass: 32044K(32192K)->32044K(32192K) Class: 4010K(4224K)->4010K(4224K)
[2024-05-29T18:08:58.538-0500][gc          ] GC(4) Pause Young (Mixed) (Metadata GC Threshold) 159M->144M(1024M) 36.842ms
[2024-05-29T18:08:58.538-0500][gc,cpu      ] GC(4) User=0.04s Sys=0.05s Real=0.04s
[2024-05-29T18:08:58.575-0500][gc,start    ] GC(5) Pause Young (Concurrent Start) (Metadata GC Threshold)
[2024-05-29T18:08:58.575-0500][gc,task     ] GC(5) Using 5 workers of 5 for evacuation
[2024-05-29T18:08:58.583-0500][gc,phases   ] GC(5)   Pre Evacuate Collection Set: 2.9ms
[2024-05-29T18:08:58.583-0500][gc,phases   ] GC(5)   Merge Heap Roots: 0.5ms
[2024-05-29T18:08:58.583-0500][gc,phases   ] GC(5)   Evacuate Collection Set: 1.7ms
[2024-05-29T18:08:58.583-0500][gc,phases   ] GC(5)   Post Evacuate Collection Set: 1.7ms
[2024-05-29T18:08:58.583-0500][gc,phases   ] GC(5)   Other: 0.8ms
[2024-05-29T18:08:58.583-0500][gc,heap     ] GC(5) Eden regions: 2->0(50)
[2024-05-29T18:08:58.583-0500][gc,heap     ] GC(5) Survivor regions: 1->1(7)
[2024-05-29T18:08:58.583-0500][gc,heap     ] GC(5) Old regions: 15->15
[2024-05-29T18:08:58.583-0500][gc,heap     ] GC(5) Humongous regions: 129->129
[2024-05-29T18:08:58.583-0500][gc,metaspace] GC(5) Metaspace: 36394K(36736K)->36394K(36736K) NonClass: 32365K(32512K)->32365K(32512K) Class: 4028K(4224K)->4028K(4224K)
[2024-05-29T18:08:58.583-0500][gc          ] GC(5) Pause Young (Concurrent Start) (Metadata GC Threshold) 146M->143M(1024M) 7.842ms
[2024-05-29T18:08:58.583-0500][gc,cpu      ] GC(5) User=0.00s Sys=0.01s Real=0.01s
[2024-05-29T18:08:58.583-0500][gc          ] GC(6) Concurrent Mark Cycle
[2024-05-29T18:08:58.583-0500][gc,marking  ] GC(6) Concurrent Scan Root Regions
[2024-05-29T18:08:58.584-0500][gc,marking  ] GC(6) Concurrent Scan Root Regions 1.106ms
[2024-05-29T18:08:58.584-0500][gc,marking  ] GC(6) Concurrent Mark
[2024-05-29T18:08:58.584-0500][gc,marking  ] GC(6) Concurrent Mark From Roots
[2024-05-29T18:08:58.584-0500][gc,task     ] GC(6) Using 1 workers of 1 for marking
[2024-05-29T18:08:58.623-0500][gc,marking  ] GC(6) Concurrent Mark From Roots 38.824ms
[2024-05-29T18:08:58.623-0500][gc,marking  ] GC(6) Concurrent Preclean
[2024-05-29T18:08:58.623-0500][gc,marking  ] GC(6) Concurrent Preclean 0.064ms
[2024-05-29T18:08:58.624-0500][gc,start    ] GC(6) Pause Remark
[2024-05-29T18:08:58.636-0500][gc          ] GC(6) Pause Remark 144M->144M(1024M) 12.205ms
[2024-05-29T18:08:58.636-0500][gc,cpu      ] GC(6) User=0.03s Sys=0.00s Real=0.01s
[2024-05-29T18:08:58.637-0500][gc,marking  ] GC(6) Concurrent Mark 52.724ms
[2024-05-29T18:08:58.637-0500][gc,marking  ] GC(6) Concurrent Rebuild Remembered Sets and Scrub Regions
[2024-05-29T18:08:58.645-0500][gc,marking  ] GC(6) Concurrent Rebuild Remembered Sets and Scrub Regions 8.366ms
[2024-05-29T18:08:58.646-0500][gc,start    ] GC(6) Pause Cleanup
[2024-05-29T18:08:58.648-0500][gc          ] GC(6) Pause Cleanup 144M->144M(1024M) 2.159ms
[2024-05-29T18:08:58.648-0500][gc,cpu      ] GC(6) User=0.01s Sys=0.00s Real=0.00s
[2024-05-29T18:08:58.649-0500][gc,marking  ] GC(6) Concurrent Clear Claimed Marks
[2024-05-29T18:08:58.649-0500][gc,marking  ] GC(6) Concurrent Clear Claimed Marks 0.067ms
[2024-05-29T18:08:58.649-0500][gc,marking  ] GC(6) Concurrent Cleanup for Next Mark
[2024-05-29T18:08:58.653-0500][gc,marking  ] GC(6) Concurrent Cleanup for Next Mark 4.154ms
[2024-05-29T18:08:58.653-0500][gc          ] GC(6) Concurrent Mark Cycle 69.958ms
[2024-05-29T18:10:37.697-0500][gc,start    ] GC(7) Pause Young (Prepare Mixed) (G1 Evacuation Pause)
[2024-05-29T18:10:37.697-0500][gc,task     ] GC(7) Using 5 workers of 5 for evacuation
[2024-05-29T18:10:37.719-0500][gc,mmu      ] GC(7) MMU target violated: 21.0ms (20.0ms/21.0ms)
[2024-05-29T18:10:37.719-0500][gc,phases   ] GC(7)   Pre Evacuate Collection Set: 3.1ms
[2024-05-29T18:10:37.719-0500][gc,phases   ] GC(7)   Merge Heap Roots: 8.7ms
[2024-05-29T18:10:37.719-0500][gc,phases   ] GC(7)   Evacuate Collection Set: 6.8ms
[2024-05-29T18:10:37.719-0500][gc,phases   ] GC(7)   Post Evacuate Collection Set: 3.4ms
[2024-05-29T18:10:37.719-0500][gc,phases   ] GC(7)   Other: 0.3ms
[2024-05-29T18:10:37.719-0500][gc,heap     ] GC(7) Eden regions: 50->0(46)
[2024-05-29T18:10:37.719-0500][gc,heap     ] GC(7) Survivor regions: 1->5(7)
[2024-05-29T18:10:37.719-0500][gc,heap     ] GC(7) Old regions: 15->15
[2024-05-29T18:10:37.719-0500][gc,heap     ] GC(7) Humongous regions: 129->129
[2024-05-29T18:10:37.719-0500][gc,metaspace] GC(7) Metaspace: 45385K(45888K)->45385K(45888K) NonClass: 40196K(40512K)->40196K(40512K) Class: 5189K(5376K)->5189K(5376K)
[2024-05-29T18:10:37.719-0500][gc          ] GC(7) Pause Young (Prepare Mixed) (G1 Evacuation Pause) 193M->148M(1024M) 22.613ms
[2024-05-29T18:10:37.719-0500][gc,cpu      ] GC(7) User=0.05s Sys=0.02s Real=0.04s
[2024-05-29T18:18:39.864-0500][gc,start    ] GC(8) Pause Young (Mixed) (G1 Evacuation Pause)
[2024-05-29T18:18:39.864-0500][gc,task     ] GC(8) Using 5 workers of 5 for evacuation
[2024-05-29T18:18:39.950-0500][gc,mmu      ] GC(8) MMU target violated: 21.0ms (20.0ms/21.0ms)
[2024-05-29T18:18:39.950-0500][gc,phases   ] GC(8)   Pre Evacuate Collection Set: 14.5ms
[2024-05-29T18:18:39.950-0500][gc,phases   ] GC(8)   Merge Heap Roots: 0.8ms
[2024-05-29T18:18:39.950-0500][gc,phases   ] GC(8)   Evacuate Collection Set: 62.5ms
[2024-05-29T18:18:39.950-0500][gc,phases   ] GC(8)   Post Evacuate Collection Set: 7.6ms
[2024-05-29T18:18:39.950-0500][gc,phases   ] GC(8)   Other: 0.2ms
[2024-05-29T18:18:39.950-0500][gc,heap     ] GC(8) Eden regions: 46->0(47)
[2024-05-29T18:18:39.950-0500][gc,heap     ] GC(8) Survivor regions: 5->4(7)
[2024-05-29T18:18:39.950-0500][gc,heap     ] GC(8) Old regions: 15->19
[2024-05-29T18:18:39.950-0500][gc,heap     ] GC(8) Humongous regions: 129->129
[2024-05-29T18:18:39.950-0500][gc,metaspace] GC(8) Metaspace: 49259K(49920K)->49259K(49920K) NonClass: 43556K(43968K)->43556K(43968K) Class: 5702K(5952K)->5702K(5952K)
[2024-05-29T18:18:39.950-0500][gc          ] GC(8) Pause Young (Mixed) (G1 Evacuation Pause) 194M->151M(1024M) 85.720ms
[2024-05-29T18:18:39.950-0500][gc,cpu      ] GC(8) User=0.05s Sys=0.05s Real=0.09s
[2024-05-29T18:37:21.304-0500][gc,start    ] GC(9) Pause Young (Normal) (G1 Evacuation Pause)
[2024-05-29T18:37:21.305-0500][gc,task     ] GC(9) Using 5 workers of 5 for evacuation
[2024-05-29T18:37:21.383-0500][gc,mmu      ] GC(9) MMU target violated: 21.0ms (20.0ms/21.0ms)
[2024-05-29T18:37:21.383-0500][gc,phases   ] GC(9)   Pre Evacuate Collection Set: 17.8ms
[2024-05-29T18:37:21.383-0500][gc,phases   ] GC(9)   Merge Heap Roots: 0.2ms
[2024-05-29T18:37:21.383-0500][gc,phases   ] GC(9)   Evacuate Collection Set: 52.3ms
[2024-05-29T18:37:21.383-0500][gc,phases   ] GC(9)   Post Evacuate Collection Set: 6.7ms
[2024-05-29T18:37:21.383-0500][gc,phases   ] GC(9)   Other: 1.3ms
[2024-05-29T18:37:21.383-0500][gc,heap     ] GC(9) Eden regions: 47->0(47)
[2024-05-29T18:37:21.383-0500][gc,heap     ] GC(9) Survivor regions: 4->4(7)
[2024-05-29T18:37:21.383-0500][gc,heap     ] GC(9) Old regions: 19->19
[2024-05-29T18:37:21.383-0500][gc,heap     ] GC(9) Humongous regions: 129->129
[2024-05-29T18:37:21.383-0500][gc,metaspace] GC(9) Metaspace: 50319K(51008K)->50319K(51008K) NonClass: 44554K(44928K)->44554K(44928K) Class: 5765K(6080K)->5765K(6080K)
[2024-05-29T18:37:21.384-0500][gc          ] GC(9) Pause Young (Normal) (G1 Evacuation Pause) 198M->151M(1024M) 79.261ms
[2024-05-29T18:37:21.384-0500][gc,cpu      ] GC(9) User=0.08s Sys=0.10s Real=0.08s
