[2024-05-25T16:19:31.083-0500][gc,init] CardTable entry size: 512
[2024-05-25T16:19:31.086-0500][gc     ] Using G1
[2024-05-25T16:19:31.112-0500][gc,init] Version: 21.0.2+13-Debian-2 (release)
[2024-05-25T16:19:31.112-0500][gc,init] CPUs: 5 total, 5 available
[2024-05-25T16:19:31.112-0500][gc,init] Memory: 5094M
[2024-05-25T16:19:31.112-0500][gc,init] Large Page Support: Disabled
[2024-05-25T16:19:31.112-0500][gc,init] NUMA Support: Disabled
[2024-05-25T16:19:31.112-0500][gc,init] Compressed Oops: Enabled (32-bit)
[2024-05-25T16:19:31.112-0500][gc,init] Heap Region Size: 1M
[2024-05-25T16:19:31.112-0500][gc,init] Heap Min Capacity: 1G
[2024-05-25T16:19:31.112-0500][gc,init] Heap Initial Capacity: 1G
[2024-05-25T16:19:31.112-0500][gc,init] Heap Max Capacity: 1G
[2024-05-25T16:19:31.112-0500][gc,init] Pre-touch: Disabled
[2024-05-25T16:19:31.112-0500][gc,init] Parallel Workers: 5
[2024-05-25T16:19:31.112-0500][gc,init] Concurrent Workers: 1
[2024-05-25T16:19:31.112-0500][gc,init] Concurrent Refinement Workers: 5
[2024-05-25T16:19:31.112-0500][gc,init] Periodic GC: Disabled
[2024-05-25T16:19:31.127-0500][gc,metaspace] CDS archive(s) mapped at: [0x00007f7043000000-0x00007f7043ca6000-0x00007f7043ca6000), size 13262848, SharedBaseAddress: 0x00007f7043000000, ArchiveRelocationMode: 1.
[2024-05-25T16:19:31.127-0500][gc,metaspace] Compressed class space mapped at: 0x00007f7044000000-0x00007f7084000000, reserved size: 1073741824
[2024-05-25T16:19:31.127-0500][gc,metaspace] Narrow klass base: 0x00007f7043000000, Narrow klass shift: 0, Narrow klass range: 0x100000000
[2024-05-25T16:19:33.424-0500][gc,start    ] GC(0) Pause Young (Normal) (G1 Evacuation Pause)
[2024-05-25T16:19:33.426-0500][gc,task     ] GC(0) Using 5 workers of 5 for evacuation
[2024-05-25T16:19:33.449-0500][gc,mmu      ] GC(0) MMU target violated: 21.0ms (20.0ms/21.0ms)
[2024-05-25T16:19:33.449-0500][gc,phases   ] GC(0)   Pre Evacuate Collection Set: 1.0ms
[2024-05-25T16:19:33.449-0500][gc,phases   ] GC(0)   Merge Heap Roots: 1.3ms
[2024-05-25T16:19:33.449-0500][gc,phases   ] GC(0)   Evacuate Collection Set: 15.2ms
[2024-05-25T16:19:33.449-0500][gc,phases   ] GC(0)   Post Evacuate Collection Set: 4.8ms
[2024-05-25T16:19:33.449-0500][gc,phases   ] GC(0)   Other: 2.4ms
[2024-05-25T16:19:33.449-0500][gc,heap     ] GC(0) Eden regions: 51->0(44)
[2024-05-25T16:19:33.449-0500][gc,heap     ] GC(0) Survivor regions: 0->7(7)
[2024-05-25T16:19:33.449-0500][gc,heap     ] GC(0) Old regions: 2->3
[2024-05-25T16:19:33.449-0500][gc,heap     ] GC(0) Humongous regions: 0->0
[2024-05-25T16:19:33.449-0500][gc,metaspace] GC(0) Metaspace: 18627K(18880K)->18627K(18880K) NonClass: 16510K(16640K)->16510K(16640K) Class: 2116K(2240K)->2116K(2240K)
[2024-05-25T16:19:33.449-0500][gc          ] GC(0) Pause Young (Normal) (G1 Evacuation Pause) 52M->8M(1024M) 25.113ms
[2024-05-25T16:19:33.449-0500][gc,cpu      ] GC(0) User=0.03s Sys=0.04s Real=0.02s
[2024-05-25T16:19:33.832-0500][gc,start    ] GC(1) Pause Young (Concurrent Start) (Metadata GC Threshold)
[2024-05-25T16:19:33.832-0500][gc,task     ] GC(1) Using 5 workers of 5 for evacuation
[2024-05-25T16:19:33.873-0500][gc,mmu      ] GC(1) MMU target violated: 21.0ms (20.0ms/21.0ms)
[2024-05-25T16:19:33.873-0500][gc,phases   ] GC(1)   Pre Evacuate Collection Set: 0.7ms
[2024-05-25T16:19:33.873-0500][gc,phases   ] GC(1)   Merge Heap Roots: 4.2ms
[2024-05-25T16:19:33.873-0500][gc,phases   ] GC(1)   Evacuate Collection Set: 31.8ms
[2024-05-25T16:19:33.873-0500][gc,phases   ] GC(1)   Post Evacuate Collection Set: 3.0ms
[2024-05-25T16:19:33.873-0500][gc,phases   ] GC(1)   Other: 1.0ms
[2024-05-25T16:19:33.873-0500][gc,heap     ] GC(1) Eden regions: 12->0(49)
[2024-05-25T16:19:33.873-0500][gc,heap     ] GC(1) Survivor regions: 7->2(7)
[2024-05-25T16:19:33.873-0500][gc,heap     ] GC(1) Old regions: 3->10
[2024-05-25T16:19:33.873-0500][gc,heap     ] GC(1) Humongous regions: 0->0
[2024-05-25T16:19:33.873-0500][gc,metaspace] GC(1) Metaspace: 21306K(21504K)->21306K(21504K) NonClass: 18843K(18944K)->18843K(18944K) Class: 2462K(2560K)->2462K(2560K)
[2024-05-25T16:19:33.873-0500][gc          ] GC(1) Pause Young (Concurrent Start) (Metadata GC Threshold) 20M->10M(1024M) 40.823ms
[2024-05-25T16:19:33.873-0500][gc,cpu      ] GC(1) User=0.03s Sys=0.04s Real=0.04s
[2024-05-25T16:19:33.873-0500][gc          ] GC(2) Concurrent Mark Cycle
[2024-05-25T16:19:33.873-0500][gc,marking  ] GC(2) Concurrent Scan Root Regions
[2024-05-25T16:19:33.877-0500][gc,marking  ] GC(2) Concurrent Scan Root Regions 3.675ms
[2024-05-25T16:19:33.877-0500][gc,marking  ] GC(2) Concurrent Mark
[2024-05-25T16:19:33.877-0500][gc,marking  ] GC(2) Concurrent Mark From Roots
[2024-05-25T16:19:33.877-0500][gc,task     ] GC(2) Using 1 workers of 1 for marking
[2024-05-25T16:19:33.882-0500][gc,marking  ] GC(2) Concurrent Mark From Roots 4.584ms
[2024-05-25T16:19:33.882-0500][gc,marking  ] GC(2) Concurrent Preclean
[2024-05-25T16:19:33.882-0500][gc,marking  ] GC(2) Concurrent Preclean 0.012ms
[2024-05-25T16:19:33.882-0500][gc,start    ] GC(2) Pause Remark
[2024-05-25T16:19:33.895-0500][gc          ] GC(2) Pause Remark 10M->10M(1024M) 12.888ms
[2024-05-25T16:19:33.895-0500][gc,cpu      ] GC(2) User=0.01s Sys=0.01s Real=0.01s
[2024-05-25T16:19:33.896-0500][gc,marking  ] GC(2) Concurrent Mark 18.960ms
[2024-05-25T16:19:33.896-0500][gc,marking  ] GC(2) Concurrent Rebuild Remembered Sets and Scrub Regions
[2024-05-25T16:19:33.899-0500][gc,marking  ] GC(2) Concurrent Rebuild Remembered Sets and Scrub Regions 3.112ms
[2024-05-25T16:19:33.899-0500][gc,start    ] GC(2) Pause Cleanup
[2024-05-25T16:19:33.900-0500][gc          ] GC(2) Pause Cleanup 10M->10M(1024M) 0.410ms
[2024-05-25T16:19:33.900-0500][gc,cpu      ] GC(2) User=0.00s Sys=0.00s Real=0.00s
[2024-05-25T16:19:33.900-0500][gc,marking  ] GC(2) Concurrent Clear Claimed Marks
[2024-05-25T16:19:33.900-0500][gc,marking  ] GC(2) Concurrent Clear Claimed Marks 0.035ms
[2024-05-25T16:19:33.900-0500][gc,marking  ] GC(2) Concurrent Cleanup for Next Mark
[2024-05-25T16:19:34.068-0500][gc,marking  ] GC(2) Concurrent Cleanup for Next Mark 167.848ms
[2024-05-25T16:19:34.068-0500][gc          ] GC(2) Concurrent Mark Cycle 194.893ms
[2024-05-25T16:19:37.094-0500][gc,start    ] GC(3) Pause Young (Prepare Mixed) (G1 Evacuation Pause)
[2024-05-25T16:19:37.094-0500][gc,task     ] GC(3) Using 5 workers of 5 for evacuation
[2024-05-25T16:19:37.112-0500][gc,phases   ] GC(3)   Pre Evacuate Collection Set: 2.3ms
[2024-05-25T16:19:37.112-0500][gc,phases   ] GC(3)   Merge Heap Roots: 0.2ms
[2024-05-25T16:19:37.112-0500][gc,phases   ] GC(3)   Evacuate Collection Set: 9.3ms
[2024-05-25T16:19:37.112-0500][gc,phases   ] GC(3)   Post Evacuate Collection Set: 5.1ms
[2024-05-25T16:19:37.112-0500][gc,phases   ] GC(3)   Other: 0.2ms
[2024-05-25T16:19:37.112-0500][gc,heap     ] GC(3) Eden regions: 49->0(45)
[2024-05-25T16:19:37.112-0500][gc,heap     ] GC(3) Survivor regions: 2->6(7)
[2024-05-25T16:19:37.112-0500][gc,heap     ] GC(3) Old regions: 10->10
[2024-05-25T16:19:37.112-0500][gc,heap     ] GC(3) Humongous regions: 129->129
[2024-05-25T16:19:37.112-0500][gc,metaspace] GC(3) Metaspace: 34503K(34816K)->34503K(34816K) NonClass: 30679K(30848K)->30679K(30848K) Class: 3823K(3968K)->3823K(3968K)
[2024-05-25T16:19:37.112-0500][gc          ] GC(3) Pause Young (Prepare Mixed) (G1 Evacuation Pause) 188M->143M(1024M) 17.344ms
[2024-05-25T16:19:37.112-0500][gc,cpu      ] GC(3) User=0.02s Sys=0.02s Real=0.02s
[2024-05-25T16:19:37.742-0500][gc,start    ] GC(4) Pause Young (Mixed) (Metadata GC Threshold)
[2024-05-25T16:19:37.742-0500][gc,task     ] GC(4) Using 5 workers of 5 for evacuation
[2024-05-25T16:19:37.758-0500][gc,phases   ] GC(4)   Pre Evacuate Collection Set: 0.7ms
[2024-05-25T16:19:37.758-0500][gc,phases   ] GC(4)   Merge Heap Roots: 0.2ms
[2024-05-25T16:19:37.758-0500][gc,phases   ] GC(4)   Evacuate Collection Set: 9.8ms
[2024-05-25T16:19:37.758-0500][gc,phases   ] GC(4)   Post Evacuate Collection Set: 5.1ms
[2024-05-25T16:19:37.758-0500][gc,phases   ] GC(4)   Other: 0.1ms
[2024-05-25T16:19:37.758-0500][gc,heap     ] GC(4) Eden regions: 16->0(49)
[2024-05-25T16:19:37.758-0500][gc,heap     ] GC(4) Survivor regions: 6->2(7)
[2024-05-25T16:19:37.758-0500][gc,heap     ] GC(4) Old regions: 10->15
[2024-05-25T16:19:37.758-0500][gc,heap     ] GC(4) Humongous regions: 129->129
[2024-05-25T16:19:37.758-0500][gc,metaspace] GC(4) Metaspace: 35806K(36096K)->35806K(36096K) NonClass: 31861K(32000K)->31861K(32000K) Class: 3945K(4096K)->3945K(4096K)
[2024-05-25T16:19:37.758-0500][gc          ] GC(4) Pause Young (Mixed) (Metadata GC Threshold) 159M->144M(1024M) 16.177ms
[2024-05-25T16:19:37.758-0500][gc,cpu      ] GC(4) User=0.03s Sys=0.01s Real=0.02s
[2024-05-25T16:19:37.800-0500][gc,start    ] GC(5) Pause Young (Concurrent Start) (Metadata GC Threshold)
[2024-05-25T16:19:37.800-0500][gc,task     ] GC(5) Using 5 workers of 5 for evacuation
[2024-05-25T16:19:37.824-0500][gc,mmu      ] GC(5) MMU target violated: 21.0ms (20.0ms/21.0ms)
[2024-05-25T16:19:37.825-0500][gc,phases   ] GC(5)   Pre Evacuate Collection Set: 1.2ms
[2024-05-25T16:19:37.825-0500][gc,phases   ] GC(5)   Merge Heap Roots: 1.2ms
[2024-05-25T16:19:37.825-0500][gc,phases   ] GC(5)   Evacuate Collection Set: 15.5ms
[2024-05-25T16:19:37.825-0500][gc,phases   ] GC(5)   Post Evacuate Collection Set: 5.4ms
[2024-05-25T16:19:37.825-0500][gc,phases   ] GC(5)   Other: 0.9ms
[2024-05-25T16:19:37.825-0500][gc,heap     ] GC(5) Eden regions: 2->0(49)
[2024-05-25T16:19:37.825-0500][gc,heap     ] GC(5) Survivor regions: 2->2(7)
[2024-05-25T16:19:37.825-0500][gc,heap     ] GC(5) Old regions: 15->15
[2024-05-25T16:19:37.825-0500][gc,heap     ] GC(5) Humongous regions: 129->129
[2024-05-25T16:19:37.825-0500][gc,metaspace] GC(5) Metaspace: 36072K(36416K)->36072K(36416K) NonClass: 32096K(32256K)->32096K(32256K) Class: 3976K(4160K)->3976K(4160K)
[2024-05-25T16:19:37.825-0500][gc          ] GC(5) Pause Young (Concurrent Start) (Metadata GC Threshold) 146M->144M(1024M) 24.391ms
[2024-05-25T16:19:37.825-0500][gc,cpu      ] GC(5) User=0.01s Sys=0.03s Real=0.03s
[2024-05-25T16:19:37.825-0500][gc          ] GC(6) Concurrent Mark Cycle
[2024-05-25T16:19:37.825-0500][gc,marking  ] GC(6) Concurrent Scan Root Regions
[2024-05-25T16:19:37.826-0500][gc,marking  ] GC(6) Concurrent Scan Root Regions 1.319ms
[2024-05-25T16:19:37.826-0500][gc,marking  ] GC(6) Concurrent Mark
[2024-05-25T16:19:37.826-0500][gc,marking  ] GC(6) Concurrent Mark From Roots
[2024-05-25T16:19:37.826-0500][gc,task     ] GC(6) Using 1 workers of 1 for marking
[2024-05-25T16:19:37.847-0500][gc,marking  ] GC(6) Concurrent Mark From Roots 20.607ms
[2024-05-25T16:19:37.847-0500][gc,marking  ] GC(6) Concurrent Preclean
[2024-05-25T16:19:37.847-0500][gc,marking  ] GC(6) Concurrent Preclean 0.110ms
[2024-05-25T16:19:37.848-0500][gc,start    ] GC(6) Pause Remark
[2024-05-25T16:19:37.859-0500][gc          ] GC(6) Pause Remark 145M->145M(1024M) 11.092ms
[2024-05-25T16:19:37.859-0500][gc,cpu      ] GC(6) User=0.02s Sys=0.01s Real=0.01s
[2024-05-25T16:19:37.859-0500][gc,marking  ] GC(6) Concurrent Mark 33.225ms
[2024-05-25T16:19:37.859-0500][gc,marking  ] GC(6) Concurrent Rebuild Remembered Sets and Scrub Regions
[2024-05-25T16:19:37.869-0500][gc,marking  ] GC(6) Concurrent Rebuild Remembered Sets and Scrub Regions 9.934ms
[2024-05-25T16:19:37.876-0500][gc,start    ] GC(6) Pause Cleanup
[2024-05-25T16:19:37.877-0500][gc          ] GC(6) Pause Cleanup 145M->145M(1024M) 1.223ms
[2024-05-25T16:19:37.879-0500][gc,cpu      ] GC(6) User=0.00s Sys=0.00s Real=0.00s
[2024-05-25T16:19:37.879-0500][gc,marking  ] GC(6) Concurrent Clear Claimed Marks
[2024-05-25T16:19:37.879-0500][gc,marking  ] GC(6) Concurrent Clear Claimed Marks 0.052ms
[2024-05-25T16:19:37.879-0500][gc,marking  ] GC(6) Concurrent Cleanup for Next Mark
[2024-05-25T16:19:37.884-0500][gc,marking  ] GC(6) Concurrent Cleanup for Next Mark 5.092ms
[2024-05-25T16:19:37.884-0500][gc          ] GC(6) Concurrent Mark Cycle 59.370ms
[2024-05-25T16:56:04.154-0500][gc,start    ] GC(7) Pause Young (Prepare Mixed) (G1 Evacuation Pause)
[2024-05-25T16:56:04.156-0500][gc,task     ] GC(7) Using 5 workers of 5 for evacuation
[2024-05-25T16:56:04.173-0500][gc,phases   ] GC(7)   Pre Evacuate Collection Set: 1.9ms
[2024-05-25T16:56:04.173-0500][gc,phases   ] GC(7)   Merge Heap Roots: 2.5ms
[2024-05-25T16:56:04.173-0500][gc,phases   ] GC(7)   Evacuate Collection Set: 6.5ms
[2024-05-25T16:56:04.173-0500][gc,phases   ] GC(7)   Post Evacuate Collection Set: 6.4ms
[2024-05-25T16:56:04.174-0500][gc,phases   ] GC(7)   Other: 0.4ms
[2024-05-25T16:56:04.174-0500][gc,heap     ] GC(7) Eden regions: 49->0(47)
[2024-05-25T16:56:04.174-0500][gc,heap     ] GC(7) Survivor regions: 2->4(7)
[2024-05-25T16:56:04.174-0500][gc,heap     ] GC(7) Old regions: 15->15
[2024-05-25T16:56:04.174-0500][gc,heap     ] GC(7) Humongous regions: 129->129
[2024-05-25T16:56:04.174-0500][gc,metaspace] GC(7) Metaspace: 43000K(43392K)->43000K(43392K) NonClass: 38273K(38464K)->38273K(38464K) Class: 4727K(4928K)->4727K(4928K)
[2024-05-25T16:56:04.174-0500][gc          ] GC(7) Pause Young (Prepare Mixed) (G1 Evacuation Pause) 193M->147M(1024M) 19.968ms
[2024-05-25T16:56:04.174-0500][gc,cpu      ] GC(7) User=0.02s Sys=0.02s Real=0.02s
[2024-05-25T17:01:16.432-0500][gc,heap,exit] Heap
[2024-05-25T17:01:16.432-0500][gc,heap,exit]  garbage-first heap   total 1048576K, used 168096K [0x00000000c0000000, 0x0000000100000000)
[2024-05-25T17:01:16.432-0500][gc,heap,exit]   region size 1024K, 21 young (21504K), 4 survivors (4096K)
[2024-05-25T17:01:16.432-0500][gc,heap,exit]  Metaspace       used 44123K, committed 44544K, reserved 1114112K
[2024-05-25T17:01:16.432-0500][gc,heap,exit]   class space    used 4911K, committed 5120K, reserved 1048576K
