[2024-05-15T10:23:02.000-0500][gc,init] CardTable entry size: 512
[2024-05-15T10:23:02.000-0500][gc     ] Using G1
[2024-05-15T10:23:02.009-0500][gc,init] Version: 21.0.2+13-Debian-2 (release)
[2024-05-15T10:23:02.009-0500][gc,init] CPUs: 5 total, 5 available
[2024-05-15T10:23:02.009-0500][gc,init] Memory: 5094M
[2024-05-15T10:23:02.009-0500][gc,init] Large Page Support: Disabled
[2024-05-15T10:23:02.009-0500][gc,init] NUMA Support: Disabled
[2024-05-15T10:23:02.009-0500][gc,init] Compressed Oops: Enabled (32-bit)
[2024-05-15T10:23:02.009-0500][gc,init] Heap Region Size: 1M
[2024-05-15T10:23:02.009-0500][gc,init] Heap Min Capacity: 512M
[2024-05-15T10:23:02.009-0500][gc,init] Heap Initial Capacity: 512M
[2024-05-15T10:23:02.009-0500][gc,init] Heap Max Capacity: 512M
[2024-05-15T10:23:02.009-0500][gc,init] Pre-touch: Disabled
[2024-05-15T10:23:02.009-0500][gc,init] Parallel Workers: 5
[2024-05-15T10:23:02.009-0500][gc,init] Concurrent Workers: 1
[2024-05-15T10:23:02.009-0500][gc,init] Concurrent Refinement Workers: 5
[2024-05-15T10:23:02.009-0500][gc,init] Periodic GC: Disabled
[2024-05-15T10:23:02.023-0500][gc,metaspace] CDS archive(s) mapped at: [0x00007f934b000000-0x00007f934bca6000-0x00007f934bca6000), size 13262848, SharedBaseAddress: 0x00007f934b000000, ArchiveRelocationMode: 1.
[2024-05-15T10:23:02.023-0500][gc,metaspace] Compressed class space mapped at: 0x00007f934c000000-0x00007f938c000000, reserved size: 1073741824
[2024-05-15T10:23:02.023-0500][gc,metaspace] Narrow klass base: 0x00007f934b000000, Narrow klass shift: 0, Narrow klass range: 0x100000000
[2024-05-15T10:23:03.756-0500][gc,start    ] GC(0) Pause Young (Normal) (G1 Evacuation Pause)
[2024-05-15T10:23:03.757-0500][gc,task     ] GC(0) Using 5 workers of 5 for evacuation
[2024-05-15T10:23:03.768-0500][gc,phases   ] GC(0)   Pre Evacuate Collection Set: 0.2ms
[2024-05-15T10:23:03.768-0500][gc,phases   ] GC(0)   Merge Heap Roots: 0.1ms
[2024-05-15T10:23:03.768-0500][gc,phases   ] GC(0)   Evacuate Collection Set: 9.8ms
[2024-05-15T10:23:03.768-0500][gc,phases   ] GC(0)   Post Evacuate Collection Set: 1.1ms
[2024-05-15T10:23:03.768-0500][gc,phases   ] GC(0)   Other: 1.0ms
[2024-05-15T10:23:03.768-0500][gc,heap     ] GC(0) Eden regions: 25->0(21)
[2024-05-15T10:23:03.768-0500][gc,heap     ] GC(0) Survivor regions: 0->4(4)
[2024-05-15T10:23:03.768-0500][gc,heap     ] GC(0) Old regions: 2->6
[2024-05-15T10:23:03.768-0500][gc,heap     ] GC(0) Humongous regions: 0->0
[2024-05-15T10:23:03.768-0500][gc,metaspace] GC(0) Metaspace: 8302K(8512K)->8302K(8512K) NonClass: 7436K(7552K)->7436K(7552K) Class: 865K(960K)->865K(960K)
[2024-05-15T10:23:03.768-0500][gc          ] GC(0) Pause Young (Normal) (G1 Evacuation Pause) 26M->8M(512M) 12.689ms
[2024-05-15T10:23:03.768-0500][gc,cpu      ] GC(0) User=0.00s Sys=0.02s Real=0.01s
