[2024-05-25T09:31:42.597-0500][gc,init] CardTable entry size: 512
[2024-05-25T09:31:42.598-0500][gc     ] Using G1
[2024-05-25T09:31:42.649-0500][gc,init] Version: 21.0.2+13-Debian-2 (release)
[2024-05-25T09:31:42.649-0500][gc,init] CPUs: 5 total, 5 available
[2024-05-25T09:31:42.649-0500][gc,init] Memory: 5094M
[2024-05-25T09:31:42.649-0500][gc,init] Large Page Support: Disabled
[2024-05-25T09:31:42.649-0500][gc,init] NUMA Support: Disabled
[2024-05-25T09:31:42.649-0500][gc,init] Compressed Oops: Enabled (32-bit)
[2024-05-25T09:31:42.649-0500][gc,init] Heap Region Size: 1M
[2024-05-25T09:31:42.649-0500][gc,init] Heap Min Capacity: 512M
[2024-05-25T09:31:42.649-0500][gc,init] Heap Initial Capacity: 512M
[2024-05-25T09:31:42.649-0500][gc,init] Heap Max Capacity: 512M
[2024-05-25T09:31:42.649-0500][gc,init] Pre-touch: Disabled
[2024-05-25T09:31:42.649-0500][gc,init] Parallel Workers: 5
[2024-05-25T09:31:42.649-0500][gc,init] Concurrent Workers: 1
[2024-05-25T09:31:42.649-0500][gc,init] Concurrent Refinement Workers: 5
[2024-05-25T09:31:42.649-0500][gc,init] Periodic GC: Disabled
[2024-05-25T09:31:42.668-0500][gc,metaspace] CDS archive(s) mapped at: [0x00007f7737000000-0x00007f7737ca6000-0x00007f7737ca6000), size 13262848, SharedBaseAddress: 0x00007f7737000000, ArchiveRelocationMode: 1.
[2024-05-25T09:31:42.668-0500][gc,metaspace] Compressed class space mapped at: 0x00007f7738000000-0x00007f7778000000, reserved size: 1073741824
[2024-05-25T09:31:42.668-0500][gc,metaspace] Narrow klass base: 0x00007f7737000000, Narrow klass shift: 0, Narrow klass range: 0x100000000
[2024-05-25T09:31:46.018-0500][gc,start    ] GC(0) Pause Young (Normal) (G1 Evacuation Pause)
[2024-05-25T09:31:46.028-0500][gc,task     ] GC(0) Using 5 workers of 5 for evacuation
[2024-05-25T09:31:46.104-0500][gc,mmu      ] GC(0) MMU target violated: 21.0ms (20.0ms/21.0ms)
[2024-05-25T09:31:46.104-0500][gc,phases   ] GC(0)   Pre Evacuate Collection Set: 0.6ms
[2024-05-25T09:31:46.104-0500][gc,phases   ] GC(0)   Merge Heap Roots: 0.5ms
[2024-05-25T09:31:46.104-0500][gc,phases   ] GC(0)   Evacuate Collection Set: 72.0ms
[2024-05-25T09:31:46.104-0500][gc,phases   ] GC(0)   Post Evacuate Collection Set: 2.4ms
[2024-05-25T09:31:46.104-0500][gc,phases   ] GC(0)   Other: 10.9ms
[2024-05-25T09:31:46.104-0500][gc,heap     ] GC(0) Eden regions: 25->0(21)
[2024-05-25T09:31:46.104-0500][gc,heap     ] GC(0) Survivor regions: 0->4(4)
[2024-05-25T09:31:46.104-0500][gc,heap     ] GC(0) Old regions: 2->7
[2024-05-25T09:31:46.104-0500][gc,heap     ] GC(0) Humongous regions: 0->0
[2024-05-25T09:31:46.104-0500][gc,metaspace] GC(0) Metaspace: 8347K(8576K)->8347K(8576K) NonClass: 7478K(7616K)->7478K(7616K) Class: 869K(960K)->869K(960K)
[2024-05-25T09:31:46.104-0500][gc          ] GC(0) Pause Young (Normal) (G1 Evacuation Pause) 26M->9M(512M) 86.625ms
[2024-05-25T09:31:46.104-0500][gc,cpu      ] GC(0) User=0.04s Sys=0.15s Real=0.10s
[2024-05-25T10:25:13.899-0500][gc,heap,exit] Heap
[2024-05-25T10:25:13.899-0500][gc,heap,exit]  garbage-first heap   total 524288K, used 20847K [0x00000000e0000000, 0x0000000100000000)
[2024-05-25T10:25:13.899-0500][gc,heap,exit]   region size 1024K, 16 young (16384K), 4 survivors (4096K)
[2024-05-25T10:25:13.899-0500][gc,heap,exit]  Metaspace       used 9731K, committed 9920K, reserved 1114112K
[2024-05-25T10:25:13.899-0500][gc,heap,exit]   class space    used 968K, committed 1088K, reserved 1048576K
