[2024-04-24T04:46:47.702-0500][gc,init] CardTable entry size: 512
[2024-04-24T04:46:47.702-0500][gc     ] Using G1
[2024-04-24T04:46:47.709-0500][gc,init] Version: 21.0.2+13-Debian-2 (release)
[2024-04-24T04:46:47.709-0500][gc,init] CPUs: 5 total, 5 available
[2024-04-24T04:46:47.709-0500][gc,init] Memory: 5094M
[2024-04-24T04:46:47.709-0500][gc,init] Large Page Support: Disabled
[2024-04-24T04:46:47.709-0500][gc,init] NUMA Support: Disabled
[2024-04-24T04:46:47.709-0500][gc,init] Compressed Oops: Enabled (32-bit)
[2024-04-24T04:46:47.709-0500][gc,init] Heap Region Size: 1M
[2024-04-24T04:46:47.709-0500][gc,init] Heap Min Capacity: 512M
[2024-04-24T04:46:47.709-0500][gc,init] Heap Initial Capacity: 512M
[2024-04-24T04:46:47.709-0500][gc,init] Heap Max Capacity: 512M
[2024-04-24T04:46:47.709-0500][gc,init] Pre-touch: Disabled
[2024-04-24T04:46:47.709-0500][gc,init] Parallel Workers: 5
[2024-04-24T04:46:47.709-0500][gc,init] Concurrent Workers: 1
[2024-04-24T04:46:47.709-0500][gc,init] Concurrent Refinement Workers: 5
[2024-04-24T04:46:47.709-0500][gc,init] Periodic GC: Disabled
[2024-04-24T04:46:47.721-0500][gc,metaspace] CDS archive(s) mapped at: [0x00007f03cf000000-0x00007f03cfca6000-0x00007f03cfca6000), size 13262848, SharedBaseAddress: 0x00007f03cf000000, ArchiveRelocationMode: 1.
[2024-04-24T04:46:47.721-0500][gc,metaspace] Compressed class space mapped at: 0x00007f03d0000000-0x00007f0410000000, reserved size: 1073741824
[2024-04-24T04:46:47.721-0500][gc,metaspace] Narrow klass base: 0x00007f03cf000000, Narrow klass shift: 0, Narrow klass range: 0x100000000
[2024-04-24T04:46:48.456-0500][gc,start    ] GC(0) Pause Young (Normal) (G1 Evacuation Pause)
[2024-04-24T04:46:48.457-0500][gc,task     ] GC(0) Using 5 workers of 5 for evacuation
[2024-04-24T04:46:48.474-0500][gc,phases   ] GC(0)   Pre Evacuate Collection Set: 0.2ms
[2024-04-24T04:46:48.474-0500][gc,phases   ] GC(0)   Merge Heap Roots: 0.1ms
[2024-04-24T04:46:48.475-0500][gc,phases   ] GC(0)   Evacuate Collection Set: 15.6ms
[2024-04-24T04:46:48.475-0500][gc,phases   ] GC(0)   Post Evacuate Collection Set: 1.0ms
[2024-04-24T04:46:48.475-0500][gc,phases   ] GC(0)   Other: 1.0ms
[2024-04-24T04:46:48.475-0500][gc,heap     ] GC(0) Eden regions: 25->0(21)
[2024-04-24T04:46:48.475-0500][gc,heap     ] GC(0) Survivor regions: 0->4(4)
[2024-04-24T04:46:48.475-0500][gc,heap     ] GC(0) Old regions: 2->6
[2024-04-24T04:46:48.475-0500][gc,heap     ] GC(0) Humongous regions: 0->0
[2024-04-24T04:46:48.475-0500][gc,metaspace] GC(0) Metaspace: 8463K(8640K)->8463K(8640K) NonClass: 7579K(7680K)->7579K(7680K) Class: 884K(960K)->884K(960K)
[2024-04-24T04:46:48.475-0500][gc          ] GC(0) Pause Young (Normal) (G1 Evacuation Pause) 26M->8M(512M) 18.333ms
[2024-04-24T04:46:48.475-0500][gc,cpu      ] GC(0) User=0.01s Sys=0.04s Real=0.01s
[2024-04-24T05:20:39.878-0500][gc,heap,exit] Heap
[2024-04-24T05:20:39.880-0500][gc,heap,exit]  garbage-first heap   total 524288K, used 18539K [0x00000000e0000000, 0x0000000100000000)
[2024-04-24T05:20:39.880-0500][gc,heap,exit]   region size 1024K, 14 young (14336K), 4 survivors (4096K)
[2024-04-24T05:20:39.880-0500][gc,heap,exit]  Metaspace       used 9631K, committed 9856K, reserved 1114112K
[2024-04-24T05:20:39.880-0500][gc,heap,exit]   class space    used 968K, committed 1088K, reserved 1048576K
