[2024-04-24T04:37:42.953-0500][gc,init] CardTable entry size: 512
[2024-04-24T04:37:42.953-0500][gc     ] Using G1
[2024-04-24T04:37:42.959-0500][gc,init] Version: 21.0.2+13-Debian-2 (release)
[2024-04-24T04:37:42.959-0500][gc,init] CPUs: 5 total, 5 available
[2024-04-24T04:37:42.959-0500][gc,init] Memory: 5094M
[2024-04-24T04:37:42.959-0500][gc,init] Large Page Support: Disabled
[2024-04-24T04:37:42.959-0500][gc,init] NUMA Support: Disabled
[2024-04-24T04:37:42.959-0500][gc,init] Compressed Oops: Enabled (32-bit)
[2024-04-24T04:37:42.959-0500][gc,init] Heap Region Size: 1M
[2024-04-24T04:37:42.959-0500][gc,init] Heap Min Capacity: 512M
[2024-04-24T04:37:42.959-0500][gc,init] Heap Initial Capacity: 512M
[2024-04-24T04:37:42.959-0500][gc,init] Heap Max Capacity: 512M
[2024-04-24T04:37:42.959-0500][gc,init] Pre-touch: Disabled
[2024-04-24T04:37:42.959-0500][gc,init] Parallel Workers: 5
[2024-04-24T04:37:42.959-0500][gc,init] Concurrent Workers: 1
[2024-04-24T04:37:42.959-0500][gc,init] Concurrent Refinement Workers: 5
[2024-04-24T04:37:42.959-0500][gc,init] Periodic GC: Disabled
[2024-04-24T04:37:42.970-0500][gc,metaspace] CDS archive(s) mapped at: [0x00007f68e7000000-0x00007f68e7ca6000-0x00007f68e7ca6000), size 13262848, SharedBaseAddress: 0x00007f68e7000000, ArchiveRelocationMode: 1.
[2024-04-24T04:37:42.970-0500][gc,metaspace] Compressed class space mapped at: 0x00007f68e8000000-0x00007f6928000000, reserved size: 1073741824
[2024-04-24T04:37:42.970-0500][gc,metaspace] Narrow klass base: 0x00007f68e7000000, Narrow klass shift: 0, Narrow klass range: 0x100000000
[2024-04-24T04:37:43.743-0500][gc,start    ] GC(0) Pause Young (Normal) (G1 Evacuation Pause)
[2024-04-24T04:37:43.744-0500][gc,task     ] GC(0) Using 5 workers of 5 for evacuation
[2024-04-24T04:37:43.765-0500][gc,mmu      ] GC(0) MMU target violated: 21.0ms (20.0ms/21.0ms)
[2024-04-24T04:37:43.765-0500][gc,phases   ] GC(0)   Pre Evacuate Collection Set: 0.2ms
[2024-04-24T04:37:43.765-0500][gc,phases   ] GC(0)   Merge Heap Roots: 0.1ms
[2024-04-24T04:37:43.765-0500][gc,phases   ] GC(0)   Evacuate Collection Set: 20.2ms
[2024-04-24T04:37:43.765-0500][gc,phases   ] GC(0)   Post Evacuate Collection Set: 1.0ms
[2024-04-24T04:37:43.765-0500][gc,phases   ] GC(0)   Other: 0.8ms
[2024-04-24T04:37:43.765-0500][gc,heap     ] GC(0) Eden regions: 25->0(21)
[2024-04-24T04:37:43.765-0500][gc,heap     ] GC(0) Survivor regions: 0->4(4)
[2024-04-24T04:37:43.765-0500][gc,heap     ] GC(0) Old regions: 2->7
[2024-04-24T04:37:43.765-0500][gc,heap     ] GC(0) Humongous regions: 0->0
[2024-04-24T04:37:43.765-0500][gc,metaspace] GC(0) Metaspace: 8511K(8704K)->8511K(8704K) NonClass: 7626K(7744K)->7626K(7744K) Class: 885K(960K)->885K(960K)
[2024-04-24T04:37:43.765-0500][gc          ] GC(0) Pause Young (Normal) (G1 Evacuation Pause) 26M->9M(512M) 22.666ms
[2024-04-24T04:37:43.765-0500][gc,cpu      ] GC(0) User=0.04s Sys=0.02s Real=0.03s
[2024-04-24T04:46:38.319-0500][gc,heap,exit] Heap
[2024-04-24T04:46:38.319-0500][gc,heap,exit]  garbage-first heap   total 524288K, used 14740K [0x00000000e0000000, 0x0000000100000000)
[2024-04-24T04:46:38.319-0500][gc,heap,exit]   region size 1024K, 10 young (10240K), 4 survivors (4096K)
[2024-04-24T04:46:38.319-0500][gc,heap,exit]  Metaspace       used 9298K, committed 9536K, reserved 1114112K
[2024-04-24T04:46:38.319-0500][gc,heap,exit]   class space    used 967K, committed 1088K, reserved 1048576K
