[2024-05-27T15:28:20.451-0500][gc,init] CardTable entry size: 512
[2024-05-27T15:28:20.455-0500][gc     ] Using G1
[2024-05-27T15:28:20.469-0500][gc,init] Version: 21.0.2+13-Debian-2 (release)
[2024-05-27T15:28:20.469-0500][gc,init] CPUs: 5 total, 5 available
[2024-05-27T15:28:20.470-0500][gc,init] Memory: 5094M
[2024-05-27T15:28:20.470-0500][gc,init] Large Page Support: Disabled
[2024-05-27T15:28:20.470-0500][gc,init] NUMA Support: Disabled
[2024-05-27T15:28:20.470-0500][gc,init] Compressed Oops: Enabled (32-bit)
[2024-05-27T15:28:20.470-0500][gc,init] Heap Region Size: 1M
[2024-05-27T15:28:20.470-0500][gc,init] Heap Min Capacity: 512M
[2024-05-27T15:28:20.470-0500][gc,init] Heap Initial Capacity: 512M
[2024-05-27T15:28:20.470-0500][gc,init] Heap Max Capacity: 512M
[2024-05-27T15:28:20.470-0500][gc,init] Pre-touch: Disabled
[2024-05-27T15:28:20.470-0500][gc,init] Parallel Workers: 5
[2024-05-27T15:28:20.470-0500][gc,init] Concurrent Workers: 1
[2024-05-27T15:28:20.470-0500][gc,init] Concurrent Refinement Workers: 5
[2024-05-27T15:28:20.470-0500][gc,init] Periodic GC: Disabled
[2024-05-27T15:28:20.498-0500][gc,metaspace] CDS archive(s) mapped at: [0x00007ff707000000-0x00007ff707ca6000-0x00007ff707ca6000), size 13262848, SharedBaseAddress: 0x00007ff707000000, ArchiveRelocationMode: 1.
[2024-05-27T15:28:20.498-0500][gc,metaspace] Compressed class space mapped at: 0x00007ff708000000-0x00007ff748000000, reserved size: 1073741824
[2024-05-27T15:28:20.498-0500][gc,metaspace] Narrow klass base: 0x00007ff707000000, Narrow klass shift: 0, Narrow klass range: 0x100000000
[2024-05-27T15:28:24.280-0500][gc,start    ] GC(0) Pause Young (Normal) (G1 Evacuation Pause)
[2024-05-27T15:28:24.285-0500][gc,task     ] GC(0) Using 5 workers of 5 for evacuation
[2024-05-27T15:28:24.354-0500][gc,mmu      ] GC(0) MMU target violated: 21.0ms (20.0ms/21.0ms)
[2024-05-27T15:28:24.355-0500][gc,phases   ] GC(0)   Pre Evacuate Collection Set: 7.8ms
[2024-05-27T15:28:24.355-0500][gc,phases   ] GC(0)   Merge Heap Roots: 11.0ms
[2024-05-27T15:28:24.355-0500][gc,phases   ] GC(0)   Evacuate Collection Set: 45.2ms
[2024-05-27T15:28:24.355-0500][gc,phases   ] GC(0)   Post Evacuate Collection Set: 5.2ms
[2024-05-27T15:28:24.355-0500][gc,phases   ] GC(0)   Other: 3.9ms
[2024-05-27T15:28:24.355-0500][gc,heap     ] GC(0) Eden regions: 25->0(21)
[2024-05-27T15:28:24.355-0500][gc,heap     ] GC(0) Survivor regions: 0->4(4)
[2024-05-27T15:28:24.355-0500][gc,heap     ] GC(0) Old regions: 2->6
[2024-05-27T15:28:24.355-0500][gc,heap     ] GC(0) Humongous regions: 0->0
[2024-05-27T15:28:24.355-0500][gc,metaspace] GC(0) Metaspace: 8343K(8576K)->8343K(8576K) NonClass: 7472K(7616K)->7472K(7616K) Class: 870K(960K)->870K(960K)
[2024-05-27T15:28:24.355-0500][gc          ] GC(0) Pause Young (Normal) (G1 Evacuation Pause) 26M->8M(512M) 74.872ms
[2024-05-27T15:28:24.355-0500][gc,cpu      ] GC(0) User=0.02s Sys=0.14s Real=0.08s
[2024-05-27T16:24:46.137-0500][gc,heap,exit] Heap
[2024-05-27T16:24:46.137-0500][gc,heap,exit]  garbage-first heap   total 524288K, used 20205K [0x00000000e0000000, 0x0000000100000000)
[2024-05-27T16:24:46.137-0500][gc,heap,exit]   region size 1024K, 15 young (15360K), 4 survivors (4096K)
[2024-05-27T16:24:46.137-0500][gc,heap,exit]  Metaspace       used 9689K, committed 9920K, reserved 1114112K
[2024-05-27T16:24:46.137-0500][gc,heap,exit]   class space    used 968K, committed 1088K, reserved 1048576K
