[2024-05-29T16:13:51.729-0500][gc,init] CardTable entry size: 512
[2024-05-29T16:13:51.729-0500][gc     ] Using G1
[2024-05-29T16:13:51.743-0500][gc,init] Version: 21.0.2+13-Debian-2 (release)
[2024-05-29T16:13:51.743-0500][gc,init] CPUs: 5 total, 5 available
[2024-05-29T16:13:51.743-0500][gc,init] Memory: 5094M
[2024-05-29T16:13:51.743-0500][gc,init] Large Page Support: Disabled
[2024-05-29T16:13:51.743-0500][gc,init] NUMA Support: Disabled
[2024-05-29T16:13:51.743-0500][gc,init] Compressed Oops: Enabled (32-bit)
[2024-05-29T16:13:51.743-0500][gc,init] Heap Region Size: 1M
[2024-05-29T16:13:51.743-0500][gc,init] Heap Min Capacity: 512M
[2024-05-29T16:13:51.743-0500][gc,init] Heap Initial Capacity: 512M
[2024-05-29T16:13:51.743-0500][gc,init] Heap Max Capacity: 512M
[2024-05-29T16:13:51.743-0500][gc,init] Pre-touch: Disabled
[2024-05-29T16:13:51.743-0500][gc,init] Parallel Workers: 5
[2024-05-29T16:13:51.743-0500][gc,init] Concurrent Workers: 1
[2024-05-29T16:13:51.743-0500][gc,init] Concurrent Refinement Workers: 5
[2024-05-29T16:13:51.743-0500][gc,init] Periodic GC: Disabled
[2024-05-29T16:13:51.765-0500][gc,metaspace] CDS archive(s) mapped at: [0x00007f15b3000000-0x00007f15b3ca6000-0x00007f15b3ca6000), size 13262848, SharedBaseAddress: 0x00007f15b3000000, ArchiveRelocationMode: 1.
[2024-05-29T16:13:51.765-0500][gc,metaspace] Compressed class space mapped at: 0x00007f15b4000000-0x00007f15f4000000, reserved size: 1073741824
[2024-05-29T16:13:51.765-0500][gc,metaspace] Narrow klass base: 0x00007f15b3000000, Narrow klass shift: 0, Narrow klass range: 0x100000000
[2024-05-29T16:13:54.324-0500][gc,start    ] GC(0) Pause Young (Normal) (G1 Evacuation Pause)
[2024-05-29T16:13:54.326-0500][gc,task     ] GC(0) Using 5 workers of 5 for evacuation
[2024-05-29T16:13:54.344-0500][gc,phases   ] GC(0)   Pre Evacuate Collection Set: 0.5ms
[2024-05-29T16:13:54.344-0500][gc,phases   ] GC(0)   Merge Heap Roots: 0.2ms
[2024-05-29T16:13:54.344-0500][gc,phases   ] GC(0)   Evacuate Collection Set: 12.5ms
[2024-05-29T16:13:54.344-0500][gc,phases   ] GC(0)   Post Evacuate Collection Set: 4.2ms
[2024-05-29T16:13:54.344-0500][gc,phases   ] GC(0)   Other: 1.9ms
[2024-05-29T16:13:54.344-0500][gc,heap     ] GC(0) Eden regions: 25->0(21)
[2024-05-29T16:13:54.344-0500][gc,heap     ] GC(0) Survivor regions: 0->4(4)
[2024-05-29T16:13:54.344-0500][gc,heap     ] GC(0) Old regions: 2->6
[2024-05-29T16:13:54.344-0500][gc,heap     ] GC(0) Humongous regions: 0->0
[2024-05-29T16:13:54.344-0500][gc,metaspace] GC(0) Metaspace: 8516K(8768K)->8516K(8768K) NonClass: 7615K(7744K)->7615K(7744K) Class: 900K(1024K)->900K(1024K)
[2024-05-29T16:13:54.344-0500][gc          ] GC(0) Pause Young (Normal) (G1 Evacuation Pause) 26M->8M(512M) 19.701ms
[2024-05-29T16:13:54.344-0500][gc,cpu      ] GC(0) User=0.02s Sys=0.04s Real=0.02s
[2024-05-29T16:53:53.748-0500][gc,heap,exit] Heap
[2024-05-29T16:53:53.749-0500][gc,heap,exit]  garbage-first heap   total 524288K, used 16508K [0x00000000e0000000, 0x0000000100000000)
[2024-05-29T16:53:53.749-0500][gc,heap,exit]   region size 1024K, 12 young (12288K), 4 survivors (4096K)
[2024-05-29T16:53:53.749-0500][gc,heap,exit]  Metaspace       used 9447K, committed 9664K, reserved 1114112K
[2024-05-29T16:53:53.749-0500][gc,heap,exit]   class space    used 967K, committed 1088K, reserved 1048576K
