[2024-04-24T04:27:32.479-0500][gc,init] CardTable entry size: 512
[2024-04-24T04:27:32.479-0500][gc     ] Using G1
[2024-04-24T04:27:32.485-0500][gc,init] Version: 21.0.2+13-Debian-2 (release)
[2024-04-24T04:27:32.486-0500][gc,init] CPUs: 5 total, 5 available
[2024-04-24T04:27:32.486-0500][gc,init] Memory: 5094M
[2024-04-24T04:27:32.486-0500][gc,init] Large Page Support: Disabled
[2024-04-24T04:27:32.486-0500][gc,init] NUMA Support: Disabled
[2024-04-24T04:27:32.486-0500][gc,init] Compressed Oops: Enabled (32-bit)
[2024-04-24T04:27:32.486-0500][gc,init] Heap Region Size: 1M
[2024-04-24T04:27:32.486-0500][gc,init] Heap Min Capacity: 512M
[2024-04-24T04:27:32.486-0500][gc,init] Heap Initial Capacity: 512M
[2024-04-24T04:27:32.486-0500][gc,init] Heap Max Capacity: 512M
[2024-04-24T04:27:32.486-0500][gc,init] Pre-touch: Disabled
[2024-04-24T04:27:32.486-0500][gc,init] Parallel Workers: 5
[2024-04-24T04:27:32.486-0500][gc,init] Concurrent Workers: 1
[2024-04-24T04:27:32.486-0500][gc,init] Concurrent Refinement Workers: 5
[2024-04-24T04:27:32.486-0500][gc,init] Periodic GC: Disabled
[2024-04-24T04:27:32.499-0500][gc,metaspace] CDS archive(s) mapped at: [0x00007f40e7000000-0x00007f40e7ca6000-0x00007f40e7ca6000), size 13262848, SharedBaseAddress: 0x00007f40e7000000, ArchiveRelocationMode: 1.
[2024-04-24T04:27:32.499-0500][gc,metaspace] Compressed class space mapped at: 0x00007f40e8000000-0x00007f4128000000, reserved size: 1073741824
[2024-04-24T04:27:32.499-0500][gc,metaspace] Narrow klass base: 0x00007f40e7000000, Narrow klass shift: 0, Narrow klass range: 0x100000000
[2024-04-24T04:27:34.523-0500][gc,start    ] GC(0) Pause Young (Normal) (G1 Evacuation Pause)
[2024-04-24T04:27:34.525-0500][gc,task     ] GC(0) Using 5 workers of 5 for evacuation
[2024-04-24T04:27:34.530-0500][gc,phases   ] GC(0)   Pre Evacuate Collection Set: 0.2ms
[2024-04-24T04:27:34.530-0500][gc,phases   ] GC(0)   Merge Heap Roots: 0.1ms
[2024-04-24T04:27:34.530-0500][gc,phases   ] GC(0)   Evacuate Collection Set: 4.3ms
[2024-04-24T04:27:34.530-0500][gc,phases   ] GC(0)   Post Evacuate Collection Set: 0.7ms
[2024-04-24T04:27:34.530-0500][gc,phases   ] GC(0)   Other: 1.1ms
[2024-04-24T04:27:34.530-0500][gc,heap     ] GC(0) Eden regions: 25->0(21)
[2024-04-24T04:27:34.530-0500][gc,heap     ] GC(0) Survivor regions: 0->4(4)
[2024-04-24T04:27:34.530-0500][gc,heap     ] GC(0) Old regions: 2->6
[2024-04-24T04:27:34.530-0500][gc,heap     ] GC(0) Humongous regions: 0->0
[2024-04-24T04:27:34.530-0500][gc,metaspace] GC(0) Metaspace: 8529K(8768K)->8529K(8768K) NonClass: 7628K(7744K)->7628K(7744K) Class: 901K(1024K)->901K(1024K)
[2024-04-24T04:27:34.530-0500][gc          ] GC(0) Pause Young (Normal) (G1 Evacuation Pause) 26M->8M(512M) 6.660ms
[2024-04-24T04:27:34.530-0500][gc,cpu      ] GC(0) User=0.02s Sys=0.01s Real=0.01s
[2024-04-24T04:37:29.960-0500][gc,heap,exit] Heap
[2024-04-24T04:37:29.962-0500][gc,heap,exit]  garbage-first heap   total 524288K, used 15452K [0x00000000e0000000, 0x0000000100000000)
[2024-04-24T04:37:29.962-0500][gc,heap,exit]   region size 1024K, 11 young (11264K), 4 survivors (4096K)
[2024-04-24T04:37:29.962-0500][gc,heap,exit]  Metaspace       used 9345K, committed 9600K, reserved 1114112K
[2024-04-24T04:37:29.962-0500][gc,heap,exit]   class space    used 966K, committed 1088K, reserved 1048576K
